#
# There is insufficient memory for the Java Runtime Environment to continue.
# Native memory allocation (malloc) failed to allocate 1233048 bytes. Error detail: Chunk::new
# Possible reasons:
#   The system is out of physical RAM or swap space
#   This process is running with CompressedOops enabled, and the Java Heap may be blocking the growth of the native heap
# Possible solutions:
#   Reduce memory load on the system
#   Increase physical memory or swap space
#   Check if swap backing store is full
#   Decrease Java heap size (-Xmx/-Xms)
#   Decrease number of Java threads
#   Decrease Java thread stack sizes (-Xss)
#   Set larger code cache with -XX:ReservedCodeCacheSize=
#   JVM is running with Unscaled Compressed Oops mode in which the Java heap is
#     placed in the first 4GB address space. The Java Heap base address is the
#     maximum limit for the native heap growth. Please use -XX:HeapBaseMinAddress
#     to set the Java Heap base and to place the Java Heap above 4GB virtual address.
# This output file may be truncated or incomplete.
#
#  Out of Memory Error (arena.cpp:186), pid=13584, tid=38400
#
# JRE version: Java(TM) SE Runtime Environment (25.0.2+10) (build 25.0.2+10-LTS-69)
# Java VM: Java HotSpot(TM) 64-Bit Server VM (25.0.2+10-LTS-69, mixed mode, sharing, tiered, compressed oops, compressed class ptrs, g1 gc, windows-amd64)
# No core dump will be written. Minidumps are not enabled by default on client versions of Windows
#

---------------  S U M M A R Y ------------

Command Line: -ea -Dfile.encoding=UTF-8 -Dstdout.encoding=UTF-8 -Dstderr.encoding=UTF-8 -XX:+ShowCodeDetailsInExceptionMessages org.testng.remote.RemoteTestNG -serport 62010 -protocol json -d E:\Automation _lapy\MasterAutomationWorkSpcae\RETTERAlarm2.0_Main\RETTERAlarm2.0_07072026\test-output E:\Automation _lapy\MasterAutomationWorkSpcae\RETTERAlarm2.0_Main\RETTERAlarm2.0_07072026\DeleteMain.xml

Host: 11th Gen Intel(R) Core(TM) i5-1135G7 @ 2.40GHz, 8 cores, 7G,  Windows 11 , 64 bit Build 26100 (10.0.26100.8521)
Time: Thu Jul  9 11:08:08 2026 India Standard Time elapsed time: 103.859273 seconds (0d 0h 1m 43s)

---------------  T H R E A D  ---------------

Current thread (0x000001efb90dd9e0):  JavaThread "C2 CompilerThread0" daemon [_thread_in_native, id=38400, stack(0x000000deea600000,0x000000deea700000) (1024K)]


Current CompileTask:
C2:103859 2418       4       java.lang.Class::getPackageName (81 bytes)

Stack: [0x000000deea600000,0x000000deea700000]
Native frames: (J=compiled Java code, j=interpreted, Vv=VM code, C=native code)
V  [jvm.dll+0x7a70f9]  (no source info available)
V  [jvm.dll+0x772d6d]  (no source info available)
V  [jvm.dll+0x965d53]  (no source info available)
V  [jvm.dll+0x968351]  (no source info available)
V  [jvm.dll+0x968a63]  (no source info available)
V  [jvm.dll+0x2fc846]  (no source info available)
V  [jvm.dll+0x111b16]  (no source info available)
V  [jvm.dll+0x111e3e]  (no source info available)
V  [jvm.dll+0x1a0872]  (no source info available)
V  [jvm.dll+0x3b54c2]  (no source info available)
V  [jvm.dll+0x7aca8f]  (no source info available)
V  [jvm.dll+0x2c0b97]  (no source info available)
V  [jvm.dll+0x2bfb5f]  (no source info available)
V  [jvm.dll+0x2379a0]  (no source info available)
V  [jvm.dll+0x2cfc86]  (no source info available)
V  [jvm.dll+0x2cdf05]  (no source info available)
V  [jvm.dll+0x48e9d1]  (no source info available)
V  [jvm.dll+0x906fcd]  (no source info available)
V  [jvm.dll+0x7a56d5]  (no source info available)
C  [ucrtbase.dll+0x2cd30]  (no source info available)
C  [KERNEL32.DLL+0x2e957]  (no source info available)
C  [ntdll.dll+0x87c1c]  (no source info available)

Lock stack of current Java thread (top to bottom):


---------------  P R O C E S S  ---------------

Threads class SMR info:
_java_thread_list=0x000001efbe3a1fb0, length=25, elements={
0x000001ef9a0fcef0, 0x000001efb90c4e30, 0x000001efb90c6400, 0x000001efb90c8710,
0x000001efb90ca430, 0x000001efb90d3b70, 0x000001efb90d53d0, 0x000001efb90dd9e0,
0x000001efb90e97d0, 0x000001efb919a4d0, 0x000001efb91ac290, 0x000001efbe002640,
0x000001efbe3e1610, 0x000001efbe3e5490, 0x000001efbe3e6c00, 0x000001efbe3e73d0,
0x000001efb90d1970, 0x000001efb90d2910, 0x000001efbe2a9820, 0x000001efbe2a9050,
0x000001efbe2aced0, 0x000001efbe2a9ff0, 0x000001efbe2aa7c0, 0x000001efbe2a78e0,
0x000001efbe2aaf90
}

Java Threads: ( => current thread )
  0x000001ef9a0fcef0 JavaThread "main"                              [_thread_in_native, id=28860, stack(0x000000dee9800000,0x000000dee9900000) (1024K)]
  0x000001efb90c4e30 JavaThread "Reference Handler"          daemon [_thread_blocked, id=32572, stack(0x000000deea000000,0x000000deea100000) (1024K)]
  0x000001efb90c6400 JavaThread "Finalizer"                  daemon [_thread_blocked, id=30808, stack(0x000000deea100000,0x000000deea200000) (1024K)]
  0x000001efb90c8710 JavaThread "Signal Dispatcher"          daemon [_thread_blocked, id=28320, stack(0x000000deea200000,0x000000deea300000) (1024K)]
  0x000001efb90ca430 JavaThread "Attach Listener"            daemon [_thread_blocked, id=37140, stack(0x000000deea300000,0x000000deea400000) (1024K)]
  0x000001efb90d3b70 JavaThread "Service Thread"             daemon [_thread_blocked, id=10684, stack(0x000000deea400000,0x000000deea500000) (1024K)]
  0x000001efb90d53d0 JavaThread "Monitor Deflation Thread"   daemon [_thread_blocked, id=39876, stack(0x000000deea500000,0x000000deea600000) (1024K)]
=>0x000001efb90dd9e0 JavaThread "C2 CompilerThread0"         daemon [_thread_in_native, id=38400, stack(0x000000deea600000,0x000000deea700000) (1024K)]
  0x000001efb90e97d0 JavaThread "C1 CompilerThread0"         daemon [_thread_blocked, id=37896, stack(0x000000deea700000,0x000000deea800000) (1024K)]
  0x000001efb919a4d0 JavaThread "Notification Thread"        daemon [_thread_blocked, id=40016, stack(0x000000deea800000,0x000000deea900000) (1024K)]
  0x000001efb91ac290 JavaThread "Common-Cleaner"             daemon [_thread_blocked, id=6184, stack(0x000000deea900000,0x000000deeaa00000) (1024K)]
  0x000001efbe002640 JavaThread "ReaderThread"                      [_thread_in_native, id=22144, stack(0x000000deeac00000,0x000000deead00000) (1024K)]
  0x000001efbe3e1610 JavaThread "ForkJoinPool.commonPool-worker-8" daemon [_thread_blocked, id=15464, stack(0x000000dee9600000,0x000000dee9700000) (1024K)]
  0x000001efbe3e5490 JavaThread "HttpClient-1-SelectorManager" daemon [_thread_in_native, id=26336, stack(0x000000dee9500000,0x000000dee9600000) (1024K)]
  0x000001efbe3e6c00 JavaThread "External Process Output Forwarder - C:\Users\BHUPESH\.cache\selenium\chromedriver\win64\149.0.7827.155\chromedriver.exe" daemon [_thread_in_native, id=8612, stack(0x000000deeb700000,0x000000deeb800000) (1024K)]
  0x000001efbe3e73d0 JavaThread "Driver Service Executor"    daemon [_thread_blocked, id=33552, stack(0x000000deeb800000,0x000000deeb900000) (1024K)]
  0x000001efb90d1970 JavaThread "Driver Service Executor"    daemon [_thread_in_native, id=16244, stack(0x000000deeb900000,0x000000deeba00000) (1024K)]
  0x000001efb90d2910 JavaThread "UrlChecker-2"               daemon [_thread_blocked, id=9200, stack(0x000000deeba00000,0x000000deebb00000) (1024K)]
  0x000001efbe2a9820 JavaThread "pool-1-thread-1"                   [_thread_blocked, id=8640, stack(0x000000deebd00000,0x000000deebe00000) (1024K)]
  0x000001efbe2a9050 JavaThread "pool-1-thread-2"                   [_thread_blocked, id=32496, stack(0x000000deebe00000,0x000000deebf00000) (1024K)]
  0x000001efbe2aced0 JavaThread "pool-1-thread-3"                   [_thread_blocked, id=11768, stack(0x000000deebf00000,0x000000deec000000) (1024K)]
  0x000001efbe2a9ff0 JavaThread "HttpClient-2-SelectorManager" daemon [_thread_in_native, id=39620, stack(0x000000deebb00000,0x000000deebc00000) (1024K)]
  0x000001efbe2aa7c0 JavaThread "pool-2-thread-1"                   [_thread_blocked, id=37332, stack(0x000000deebc00000,0x000000deebd00000) (1024K)]
  0x000001efbe2a78e0 JavaThread "pool-2-thread-2"                   [_thread_blocked, id=21976, stack(0x000000deec000000,0x000000deec100000) (1024K)]
  0x000001efbe2aaf90 JavaThread "pool-2-thread-3"                   [_thread_blocked, id=39764, stack(0x000000deec100000,0x000000deec200000) (1024K)]
Total: 25

Other Threads:
  0x000001efb90afb10 VMThread "VM Thread"                           [id=38064, stack(0x000000dee9f00000,0x000000deea000000) (1024K)]
  0x000001efb90a3500 WatcherThread "VM Periodic Task Thread"        [id=40104, stack(0x000000dee9e00000,0x000000dee9f00000) (1024K)]
  0x000001ef9c457bc0 WorkerThread "GC Thread#0"                     [id=39080, stack(0x000000dee9900000,0x000000dee9a00000) (1024K)]
  0x000001efbe1bc250 WorkerThread "GC Thread#1"                     [id=39644, stack(0x000000dee9700000,0x000000dee9800000) (1024K)]
  0x000001efbe1c0a90 WorkerThread "GC Thread#2"                     [id=29960, stack(0x000000deead00000,0x000000deeae00000) (1024K)]
  0x000001efbe1c0ec0 WorkerThread "GC Thread#3"                     [id=32084, stack(0x000000deeae00000,0x000000deeaf00000) (1024K)]
  0x000001efb92397a0 WorkerThread "GC Thread#4"                     [id=40100, stack(0x000000deeaf00000,0x000000deeb000000) (1024K)]
  0x000001efb923abe0 WorkerThread "GC Thread#5"                     [id=872, stack(0x000000deeb000000,0x000000deeb100000) (1024K)]
  0x000001efb923b010 WorkerThread "GC Thread#6"                     [id=25156, stack(0x000000deeb100000,0x000000deeb200000) (1024K)]
  0x000001efb98ee730 WorkerThread "GC Thread#7"                     [id=18748, stack(0x000000deeb200000,0x000000deeb300000) (1024K)]
  0x000001ef9c470330 ConcurrentGCThread "G1 Main Marker"            [id=30092, stack(0x000000dee9a00000,0x000000dee9b00000) (1024K)]
  0x000001ef9c470ed0 WorkerThread "G1 Conc#0"                       [id=35492, stack(0x000000dee9b00000,0x000000dee9c00000) (1024K)]
  0x000001efb8f64f80 ConcurrentGCThread "G1 Refine#0"               [id=27684, stack(0x000000dee9c00000,0x000000dee9d00000) (1024K)]
  0x000001efb8f67aa0 ConcurrentGCThread "G1 Service"                [id=29120, stack(0x000000dee9d00000,0x000000dee9e00000) (1024K)]
Total: 14

Threads with active compile tasks:
C2 CompilerThread0  103939 2418       4       java.lang.Class::getPackageName (81 bytes)
Total: 1

VM state: not at safepoint (normal execution)

VM Mutex/Monitor currently owned by a thread: None

Heap address: 0x0000000083200000, size: 1998 MB, Compressed Oops mode: 32-bit

CDS archive(s) mapped at: [0x000000001a000000-0x000000001add0000-0x000000001add0000), size 14483456, SharedBaseAddress: 0x000000001a000000, ArchiveRelocationMode: 1.
Compressed class space mapped at: 0x000000001b000000-0x000000005b000000, reserved size: 1073741824
UseCompressedClassPointers 1, UseCompactObjectHeaders 0
Narrow klass pointer bits 32, Max shift 3
Narrow klass base: 0x000000001a000000, Narrow klass shift: 0
Encoding Range: [0x000000001a000000 - 0x000000011a000000), (4294967296 bytes)
Klass Range:    [0x000000001a010000 - 0x000000005b000000), (1090453504 bytes)
Klass ID Range:  [65536 - 1090519033) (1090453497)
Protection zone: [0x000000001a000000 - 0x000000001a010000), (65536 bytes)

GC Precious Log:
 CardTable entry size: 512
 Card Set container configuration: InlinePtr #cards 5 size 8 Array Of Cards #cards 10 size 36 Howl #buckets 4 coarsen threshold 1843 Howl Bitmap #cards 512 size 80 coarsen threshold 460 Card regions per heap region 1 cards per card region 2048
 CPUs: 8 total, 8 available
 Memory: 7991M
 Large Page Support: Disabled
 NUMA Support: Disabled
 Compressed Oops: Enabled (32-bit)
 Heap Region Size: 1M
 Heap Min Capacity: 8M
 Heap Initial Capacity: 126M
 Heap Max Capacity: 1998M
 Pre-touch: Disabled
 Parallel Workers: 8
 Concurrent Workers: 2
 Concurrent Refinement Workers: 8
 Periodic GC: Disabled

Heap:
 garbage-first heap   total reserved 2045952K, committed 131072K, used 30071K [0x0000000083200000, 0x0000000100000000)
  region size 1024K, 27 young (27648K), 6 survivors (6144K)

Heap Regions: E=young(eden), S=young(survivor), O=old, HS=humongous(starts), HC=humongous(continues), CS=collection set, F=free, TAMS=top-at-mark-start, PB=parsable bottom
|   0|0x0000000083200000, 0x0000000083300000, 0x0000000083300000|100%|HS|  |TAMS 0x0000000083200000| PB 0x0000000083200000| Complete |  0
|   1|0x0000000083300000, 0x0000000083300000, 0x0000000083400000|  0%| F|  |TAMS 0x0000000083300000| PB 0x0000000083300000| Untracked |  0
|   2|0x0000000083400000, 0x0000000083500000, 0x0000000083500000|100%| O|  |TAMS 0x0000000083400000| PB 0x0000000083400000| Untracked |  0
|   3|0x0000000083500000, 0x0000000083600000, 0x0000000083600000|100%| O|  |TAMS 0x0000000083500000| PB 0x0000000083500000| Untracked |  0
|   4|0x0000000083600000, 0x0000000083638618, 0x0000000083700000| 22%| O|  |TAMS 0x0000000083600000| PB 0x0000000083600000| Untracked |  0
|   5|0x0000000083700000, 0x0000000083700000, 0x0000000083800000|  0%| F|  |TAMS 0x0000000083700000| PB 0x0000000083700000| Untracked |  0
|   6|0x0000000083800000, 0x0000000083800000, 0x0000000083900000|  0%| F|  |TAMS 0x0000000083800000| PB 0x0000000083800000| Untracked |  0
|   7|0x0000000083900000, 0x0000000083900000, 0x0000000083a00000|  0%| F|  |TAMS 0x0000000083900000| PB 0x0000000083900000| Untracked |  0
|   8|0x0000000083a00000, 0x0000000083a00000, 0x0000000083b00000|  0%| F|  |TAMS 0x0000000083a00000| PB 0x0000000083a00000| Untracked |  0
|   9|0x0000000083b00000, 0x0000000083b00000, 0x0000000083c00000|  0%| F|  |TAMS 0x0000000083b00000| PB 0x0000000083b00000| Untracked |  0
|  10|0x0000000083c00000, 0x0000000083c00000, 0x0000000083d00000|  0%| F|  |TAMS 0x0000000083c00000| PB 0x0000000083c00000| Untracked |  0
|  11|0x0000000083d00000, 0x0000000083d00000, 0x0000000083e00000|  0%| F|  |TAMS 0x0000000083d00000| PB 0x0000000083d00000| Untracked |  0
|  12|0x0000000083e00000, 0x0000000083e00000, 0x0000000083f00000|  0%| F|  |TAMS 0x0000000083e00000| PB 0x0000000083e00000| Untracked |  0
|  13|0x0000000083f00000, 0x0000000083f00000, 0x0000000084000000|  0%| F|  |TAMS 0x0000000083f00000| PB 0x0000000083f00000| Untracked |  0
|  14|0x0000000084000000, 0x0000000084000000, 0x0000000084100000|  0%| F|  |TAMS 0x0000000084000000| PB 0x0000000084000000| Untracked |  0
|  15|0x0000000084100000, 0x0000000084100000, 0x0000000084200000|  0%| F|  |TAMS 0x0000000084100000| PB 0x0000000084100000| Untracked |  0
|  16|0x0000000084200000, 0x0000000084200000, 0x0000000084300000|  0%| F|  |TAMS 0x0000000084200000| PB 0x0000000084200000| Untracked |  0
|  17|0x0000000084300000, 0x0000000084300000, 0x0000000084400000|  0%| F|  |TAMS 0x0000000084300000| PB 0x0000000084300000| Untracked |  0
|  18|0x0000000084400000, 0x0000000084400000, 0x0000000084500000|  0%| F|  |TAMS 0x0000000084400000| PB 0x0000000084400000| Untracked |  0
|  19|0x0000000084500000, 0x0000000084500000, 0x0000000084600000|  0%| F|  |TAMS 0x0000000084500000| PB 0x0000000084500000| Untracked |  0
|  20|0x0000000084600000, 0x0000000084600000, 0x0000000084700000|  0%| F|  |TAMS 0x0000000084600000| PB 0x0000000084600000| Untracked |  0
|  21|0x0000000084700000, 0x0000000084700000, 0x0000000084800000|  0%| F|  |TAMS 0x0000000084700000| PB 0x0000000084700000| Untracked |  0
|  22|0x0000000084800000, 0x0000000084800000, 0x0000000084900000|  0%| F|  |TAMS 0x0000000084800000| PB 0x0000000084800000| Untracked |  0
|  23|0x0000000084900000, 0x0000000084900000, 0x0000000084a00000|  0%| F|  |TAMS 0x0000000084900000| PB 0x0000000084900000| Untracked |  0
|  24|0x0000000084a00000, 0x0000000084a00000, 0x0000000084b00000|  0%| F|  |TAMS 0x0000000084a00000| PB 0x0000000084a00000| Untracked |  0
|  25|0x0000000084b00000, 0x0000000084b00000, 0x0000000084c00000|  0%| F|  |TAMS 0x0000000084b00000| PB 0x0000000084b00000| Untracked |  0
|  26|0x0000000084c00000, 0x0000000084c00000, 0x0000000084d00000|  0%| F|  |TAMS 0x0000000084c00000| PB 0x0000000084c00000| Untracked |  0
|  27|0x0000000084d00000, 0x0000000084d00000, 0x0000000084e00000|  0%| F|  |TAMS 0x0000000084d00000| PB 0x0000000084d00000| Untracked |  0
|  28|0x0000000084e00000, 0x0000000084e00000, 0x0000000084f00000|  0%| F|  |TAMS 0x0000000084e00000| PB 0x0000000084e00000| Untracked |  0
|  29|0x0000000084f00000, 0x0000000084f00000, 0x0000000085000000|  0%| F|  |TAMS 0x0000000084f00000| PB 0x0000000084f00000| Untracked |  0
|  30|0x0000000085000000, 0x0000000085000000, 0x0000000085100000|  0%| F|  |TAMS 0x0000000085000000| PB 0x0000000085000000| Untracked |  0
|  31|0x0000000085100000, 0x0000000085100000, 0x0000000085200000|  0%| F|  |TAMS 0x0000000085100000| PB 0x0000000085100000| Untracked |  0
|  32|0x0000000085200000, 0x0000000085200000, 0x0000000085300000|  0%| F|  |TAMS 0x0000000085200000| PB 0x0000000085200000| Untracked |  0
|  33|0x0000000085300000, 0x0000000085300000, 0x0000000085400000|  0%| F|  |TAMS 0x0000000085300000| PB 0x0000000085300000| Untracked |  0
|  34|0x0000000085400000, 0x0000000085400000, 0x0000000085500000|  0%| F|  |TAMS 0x0000000085400000| PB 0x0000000085400000| Untracked |  0
|  35|0x0000000085500000, 0x0000000085500000, 0x0000000085600000|  0%| F|  |TAMS 0x0000000085500000| PB 0x0000000085500000| Untracked |  0
|  36|0x0000000085600000, 0x0000000085600000, 0x0000000085700000|  0%| F|  |TAMS 0x0000000085600000| PB 0x0000000085600000| Untracked |  0
|  37|0x0000000085700000, 0x0000000085700000, 0x0000000085800000|  0%| F|  |TAMS 0x0000000085700000| PB 0x0000000085700000| Untracked |  0
|  38|0x0000000085800000, 0x0000000085800000, 0x0000000085900000|  0%| F|  |TAMS 0x0000000085800000| PB 0x0000000085800000| Untracked |  0
|  39|0x0000000085900000, 0x0000000085900000, 0x0000000085a00000|  0%| F|  |TAMS 0x0000000085900000| PB 0x0000000085900000| Untracked |  0
|  40|0x0000000085a00000, 0x0000000085a00000, 0x0000000085b00000|  0%| F|  |TAMS 0x0000000085a00000| PB 0x0000000085a00000| Untracked |  0
|  41|0x0000000085b00000, 0x0000000085b00000, 0x0000000085c00000|  0%| F|  |TAMS 0x0000000085b00000| PB 0x0000000085b00000| Untracked |  0
|  42|0x0000000085c00000, 0x0000000085c00000, 0x0000000085d00000|  0%| F|  |TAMS 0x0000000085c00000| PB 0x0000000085c00000| Untracked |  0
|  43|0x0000000085d00000, 0x0000000085d00000, 0x0000000085e00000|  0%| F|  |TAMS 0x0000000085d00000| PB 0x0000000085d00000| Untracked |  0
|  44|0x0000000085e00000, 0x0000000085e00000, 0x0000000085f00000|  0%| F|  |TAMS 0x0000000085e00000| PB 0x0000000085e00000| Untracked |  0
|  45|0x0000000085f00000, 0x0000000085f00000, 0x0000000086000000|  0%| F|  |TAMS 0x0000000085f00000| PB 0x0000000085f00000| Untracked |  0
|  46|0x0000000086000000, 0x0000000086000000, 0x0000000086100000|  0%| F|  |TAMS 0x0000000086000000| PB 0x0000000086000000| Untracked |  0
|  47|0x0000000086100000, 0x0000000086100000, 0x0000000086200000|  0%| F|  |TAMS 0x0000000086100000| PB 0x0000000086100000| Untracked |  0
|  48|0x0000000086200000, 0x0000000086200000, 0x0000000086300000|  0%| F|  |TAMS 0x0000000086200000| PB 0x0000000086200000| Untracked |  0
|  49|0x0000000086300000, 0x0000000086300000, 0x0000000086400000|  0%| F|  |TAMS 0x0000000086300000| PB 0x0000000086300000| Untracked |  0
|  50|0x0000000086400000, 0x0000000086400000, 0x0000000086500000|  0%| F|  |TAMS 0x0000000086400000| PB 0x0000000086400000| Untracked |  0
|  51|0x0000000086500000, 0x0000000086500000, 0x0000000086600000|  0%| F|  |TAMS 0x0000000086500000| PB 0x0000000086500000| Untracked |  0
|  52|0x0000000086600000, 0x0000000086600000, 0x0000000086700000|  0%| F|  |TAMS 0x0000000086600000| PB 0x0000000086600000| Untracked |  0
|  53|0x0000000086700000, 0x0000000086700000, 0x0000000086800000|  0%| F|  |TAMS 0x0000000086700000| PB 0x0000000086700000| Untracked |  0
|  54|0x0000000086800000, 0x0000000086800000, 0x0000000086900000|  0%| F|  |TAMS 0x0000000086800000| PB 0x0000000086800000| Untracked |  0
|  55|0x0000000086900000, 0x0000000086900000, 0x0000000086a00000|  0%| F|  |TAMS 0x0000000086900000| PB 0x0000000086900000| Untracked |  0
|  56|0x0000000086a00000, 0x0000000086a00000, 0x0000000086b00000|  0%| F|  |TAMS 0x0000000086a00000| PB 0x0000000086a00000| Untracked |  0
|  57|0x0000000086b00000, 0x0000000086b00000, 0x0000000086c00000|  0%| F|  |TAMS 0x0000000086b00000| PB 0x0000000086b00000| Untracked |  0
|  58|0x0000000086c00000, 0x0000000086c00000, 0x0000000086d00000|  0%| F|  |TAMS 0x0000000086c00000| PB 0x0000000086c00000| Untracked |  0
|  59|0x0000000086d00000, 0x0000000086d00000, 0x0000000086e00000|  0%| F|  |TAMS 0x0000000086d00000| PB 0x0000000086d00000| Untracked |  0
|  60|0x0000000086e00000, 0x0000000086e00000, 0x0000000086f00000|  0%| F|  |TAMS 0x0000000086e00000| PB 0x0000000086e00000| Untracked |  0
|  61|0x0000000086f00000, 0x0000000086f00000, 0x0000000087000000|  0%| F|  |TAMS 0x0000000086f00000| PB 0x0000000086f00000| Untracked |  0
|  62|0x0000000087000000, 0x0000000087000000, 0x0000000087100000|  0%| F|  |TAMS 0x0000000087000000| PB 0x0000000087000000| Untracked |  0
|  63|0x0000000087100000, 0x0000000087100000, 0x0000000087200000|  0%| F|  |TAMS 0x0000000087100000| PB 0x0000000087100000| Untracked |  0
|  64|0x0000000087200000, 0x0000000087200000, 0x0000000087300000|  0%| F|  |TAMS 0x0000000087200000| PB 0x0000000087200000| Untracked |  0
|  65|0x0000000087300000, 0x0000000087300000, 0x0000000087400000|  0%| F|  |TAMS 0x0000000087300000| PB 0x0000000087300000| Untracked |  0
|  66|0x0000000087400000, 0x0000000087400000, 0x0000000087500000|  0%| F|  |TAMS 0x0000000087400000| PB 0x0000000087400000| Untracked |  0
|  67|0x0000000087500000, 0x0000000087500000, 0x0000000087600000|  0%| F|  |TAMS 0x0000000087500000| PB 0x0000000087500000| Untracked |  0
|  68|0x0000000087600000, 0x0000000087600000, 0x0000000087700000|  0%| F|  |TAMS 0x0000000087600000| PB 0x0000000087600000| Untracked |  0
|  69|0x0000000087700000, 0x0000000087700000, 0x0000000087800000|  0%| F|  |TAMS 0x0000000087700000| PB 0x0000000087700000| Untracked |  0
|  70|0x0000000087800000, 0x0000000087800000, 0x0000000087900000|  0%| F|  |TAMS 0x0000000087800000| PB 0x0000000087800000| Untracked |  0
|  71|0x0000000087900000, 0x0000000087900000, 0x0000000087a00000|  0%| F|  |TAMS 0x0000000087900000| PB 0x0000000087900000| Untracked |  0
|  72|0x0000000087a00000, 0x0000000087a00000, 0x0000000087b00000|  0%| F|  |TAMS 0x0000000087a00000| PB 0x0000000087a00000| Untracked |  0
|  73|0x0000000087b00000, 0x0000000087c00000, 0x0000000087c00000|100%| S|CS|TAMS 0x0000000087b00000| PB 0x0000000087b00000| Complete |  0
|  74|0x0000000087c00000, 0x0000000087d00000, 0x0000000087d00000|100%| S|CS|TAMS 0x0000000087c00000| PB 0x0000000087c00000| Complete |  0
|  75|0x0000000087d00000, 0x0000000087e00000, 0x0000000087e00000|100%| S|CS|TAMS 0x0000000087d00000| PB 0x0000000087d00000| Complete |  0
|  76|0x0000000087e00000, 0x0000000087f00000, 0x0000000087f00000|100%| S|CS|TAMS 0x0000000087e00000| PB 0x0000000087e00000| Complete |  0
|  77|0x0000000087f00000, 0x0000000088000000, 0x0000000088000000|100%| S|CS|TAMS 0x0000000087f00000| PB 0x0000000087f00000| Complete |  0
|  78|0x0000000088000000, 0x0000000088100000, 0x0000000088100000|100%| S|CS|TAMS 0x0000000088000000| PB 0x0000000088000000| Complete |  0
|  79|0x0000000088100000, 0x0000000088100000, 0x0000000088200000|  0%| F|  |TAMS 0x0000000088100000| PB 0x0000000088100000| Untracked |  0
|  80|0x0000000088200000, 0x0000000088200000, 0x0000000088300000|  0%| F|  |TAMS 0x0000000088200000| PB 0x0000000088200000| Untracked |  0
|  81|0x0000000088300000, 0x0000000088300000, 0x0000000088400000|  0%| F|  |TAMS 0x0000000088300000| PB 0x0000000088300000| Untracked |  0
|  82|0x0000000088400000, 0x0000000088400000, 0x0000000088500000|  0%| F|  |TAMS 0x0000000088400000| PB 0x0000000088400000| Untracked |  0
|  83|0x0000000088500000, 0x0000000088500000, 0x0000000088600000|  0%| F|  |TAMS 0x0000000088500000| PB 0x0000000088500000| Untracked |  0
|  84|0x0000000088600000, 0x0000000088600000, 0x0000000088700000|  0%| F|  |TAMS 0x0000000088600000| PB 0x0000000088600000| Untracked |  0
|  85|0x0000000088700000, 0x0000000088700000, 0x0000000088800000|  0%| F|  |TAMS 0x0000000088700000| PB 0x0000000088700000| Untracked |  0
|  86|0x0000000088800000, 0x0000000088800000, 0x0000000088900000|  0%| F|  |TAMS 0x0000000088800000| PB 0x0000000088800000| Untracked |  0
|  87|0x0000000088900000, 0x0000000088900000, 0x0000000088a00000|  0%| F|  |TAMS 0x0000000088900000| PB 0x0000000088900000| Untracked |  0
|  88|0x0000000088a00000, 0x0000000088a00000, 0x0000000088b00000|  0%| F|  |TAMS 0x0000000088a00000| PB 0x0000000088a00000| Untracked |  0
|  89|0x0000000088b00000, 0x0000000088b00000, 0x0000000088c00000|  0%| F|  |TAMS 0x0000000088b00000| PB 0x0000000088b00000| Untracked |  0
|  90|0x0000000088c00000, 0x0000000088c00000, 0x0000000088d00000|  0%| F|  |TAMS 0x0000000088c00000| PB 0x0000000088c00000| Untracked |  0
|  91|0x0000000088d00000, 0x0000000088d00000, 0x0000000088e00000|  0%| F|  |TAMS 0x0000000088d00000| PB 0x0000000088d00000| Untracked |  0
|  92|0x0000000088e00000, 0x0000000088e00000, 0x0000000088f00000|  0%| F|  |TAMS 0x0000000088e00000| PB 0x0000000088e00000| Untracked |  0
|  93|0x0000000088f00000, 0x0000000088f00000, 0x0000000089000000|  0%| F|  |TAMS 0x0000000088f00000| PB 0x0000000088f00000| Untracked |  0
|  94|0x0000000089000000, 0x0000000089000000, 0x0000000089100000|  0%| F|  |TAMS 0x0000000089000000| PB 0x0000000089000000| Untracked |  0
|  95|0x0000000089100000, 0x0000000089100000, 0x0000000089200000|  0%| F|  |TAMS 0x0000000089100000| PB 0x0000000089100000| Untracked |  0
|  96|0x0000000089200000, 0x0000000089200000, 0x0000000089300000|  0%| F|  |TAMS 0x0000000089200000| PB 0x0000000089200000| Untracked |  0
|  97|0x0000000089300000, 0x0000000089300000, 0x0000000089400000|  0%| F|  |TAMS 0x0000000089300000| PB 0x0000000089300000| Untracked |  0
|  98|0x0000000089400000, 0x0000000089400000, 0x0000000089500000|  0%| F|  |TAMS 0x0000000089400000| PB 0x0000000089400000| Untracked |  0
|  99|0x0000000089500000, 0x0000000089500000, 0x0000000089600000|  0%| F|  |TAMS 0x0000000089500000| PB 0x0000000089500000| Untracked |  0
| 100|0x0000000089600000, 0x0000000089600000, 0x0000000089700000|  0%| F|  |TAMS 0x0000000089600000| PB 0x0000000089600000| Untracked |  0
| 101|0x0000000089700000, 0x0000000089700000, 0x0000000089800000|  0%| F|  |TAMS 0x0000000089700000| PB 0x0000000089700000| Untracked |  0
| 102|0x0000000089800000, 0x0000000089800000, 0x0000000089900000|  0%| F|  |TAMS 0x0000000089800000| PB 0x0000000089800000| Untracked |  0
| 103|0x0000000089900000, 0x0000000089900000, 0x0000000089a00000|  0%| F|  |TAMS 0x0000000089900000| PB 0x0000000089900000| Untracked |  0
| 104|0x0000000089a00000, 0x0000000089a80000, 0x0000000089b00000| 50%| E|  |TAMS 0x0000000089a00000| PB 0x0000000089a00000| Complete |  0
| 105|0x0000000089b00000, 0x0000000089c00000, 0x0000000089c00000|100%| E|CS|TAMS 0x0000000089b00000| PB 0x0000000089b00000| Complete |  0
| 106|0x0000000089c00000, 0x0000000089d00000, 0x0000000089d00000|100%| E|CS|TAMS 0x0000000089c00000| PB 0x0000000089c00000| Complete |  0
| 107|0x0000000089d00000, 0x0000000089e00000, 0x0000000089e00000|100%| E|CS|TAMS 0x0000000089d00000| PB 0x0000000089d00000| Complete |  0
| 108|0x0000000089e00000, 0x0000000089f00000, 0x0000000089f00000|100%| E|CS|TAMS 0x0000000089e00000| PB 0x0000000089e00000| Complete |  0
| 109|0x0000000089f00000, 0x000000008a000000, 0x000000008a000000|100%| E|CS|TAMS 0x0000000089f00000| PB 0x0000000089f00000| Complete |  0
| 110|0x000000008a000000, 0x000000008a100000, 0x000000008a100000|100%| E|CS|TAMS 0x000000008a000000| PB 0x000000008a000000| Complete |  0
| 111|0x000000008a100000, 0x000000008a200000, 0x000000008a200000|100%| E|CS|TAMS 0x000000008a100000| PB 0x000000008a100000| Complete |  0
| 112|0x000000008a200000, 0x000000008a300000, 0x000000008a300000|100%| E|CS|TAMS 0x000000008a200000| PB 0x000000008a200000| Complete |  0
| 113|0x000000008a300000, 0x000000008a400000, 0x000000008a400000|100%| E|CS|TAMS 0x000000008a300000| PB 0x000000008a300000| Complete |  0
| 114|0x000000008a400000, 0x000000008a500000, 0x000000008a500000|100%| E|CS|TAMS 0x000000008a400000| PB 0x000000008a400000| Complete |  0
| 115|0x000000008a500000, 0x000000008a600000, 0x000000008a600000|100%| E|CS|TAMS 0x000000008a500000| PB 0x000000008a500000| Complete |  0
| 116|0x000000008a600000, 0x000000008a700000, 0x000000008a700000|100%| E|CS|TAMS 0x000000008a600000| PB 0x000000008a600000| Complete |  0
| 117|0x000000008a700000, 0x000000008a800000, 0x000000008a800000|100%| E|CS|TAMS 0x000000008a700000| PB 0x000000008a700000| Complete |  0
| 118|0x000000008a800000, 0x000000008a900000, 0x000000008a900000|100%| E|CS|TAMS 0x000000008a800000| PB 0x000000008a800000| Complete |  0
| 119|0x000000008a900000, 0x000000008aa00000, 0x000000008aa00000|100%| E|CS|TAMS 0x000000008a900000| PB 0x000000008a900000| Complete |  0
| 120|0x000000008aa00000, 0x000000008ab00000, 0x000000008ab00000|100%| E|CS|TAMS 0x000000008aa00000| PB 0x000000008aa00000| Complete |  0
| 121|0x000000008ab00000, 0x000000008ac00000, 0x000000008ac00000|100%| E|CS|TAMS 0x000000008ab00000| PB 0x000000008ab00000| Complete |  0
| 122|0x000000008ac00000, 0x000000008ad00000, 0x000000008ad00000|100%| E|CS|TAMS 0x000000008ac00000| PB 0x000000008ac00000| Complete |  0
| 123|0x000000008ad00000, 0x000000008ae00000, 0x000000008ae00000|100%| E|CS|TAMS 0x000000008ad00000| PB 0x000000008ad00000| Complete |  0
| 124|0x000000008ae00000, 0x000000008af00000, 0x000000008af00000|100%| E|CS|TAMS 0x000000008ae00000| PB 0x000000008ae00000| Complete |  0
| 125|0x000000008af00000, 0x000000008b000000, 0x000000008b000000|100%| E|  |TAMS 0x000000008af00000| PB 0x000000008af00000| Complete |  0
|1996|0x00000000ffe00000, 0x00000000fff00000, 0x00000000fff00000|100%| O|  |TAMS 0x00000000ffe00000| PB 0x00000000ffe00000| Untracked |  0
|1997|0x00000000fff00000, 0x00000000fff257b8, 0x0000000100000000| 14%| O|  |TAMS 0x00000000fff00000| PB 0x00000000fff00000| Untracked |  0

Card table byte_map: [0x000001efb43a0000,0x000001efb4790000] _byte_map_base: 0x000001efb3f87000

Marking Bits: (CMBitMap*) 0x000001ef9c458350
 Bits: [0x000001efb4790000, 0x000001efb66c8000)

Polling page: 0x000001ef9a470000

Metaspace:
Metaspace        used 16275K, committed 16512K, reserved 1114112K
 class space     used 1978K, committed 2112K, reserved 1048576K

Usage:
  Non-class:     13.97 MB used.
      Class:      1.93 MB used.
       Both:     15.90 MB used.

Virtual space:
  Non-class space:       64.00 MB reserved,      14.12 MB ( 22%) committed,  1 nodes.
      Class space:        1.00 GB reserved,       2.06 MB ( <1%) committed,  1 nodes.
             Both:        1.06 GB reserved,      16.19 MB (  1%) committed. 

Chunk freelists:
   Non-Class:  1.42 MB
       Class:  13.89 MB
        Both:  15.31 MB

MaxMetaspaceSize: unlimited
CompressedClassSpaceSize: 1.00 GB
Initial GC threshold: 21.00 MB
Current GC threshold: 21.00 MB
CDS: on
 - commit_granule_bytes: 65536.
 - commit_granule_words: 8192.
 - virtual_space_node_default_size: 8388608.
 - enlarge_chunks_in_place: 1.
UseCompressedClassPointers 1, UseCompactObjectHeaders 0
Narrow klass pointer bits 32, Max shift 3
Narrow klass base: 0x000000001a000000, Narrow klass shift: 0
Encoding Range: [0x000000001a000000 - 0x000000011a000000), (4294967296 bytes)
Klass Range:    [0x000000001a010000 - 0x000000005b000000), (1090453504 bytes)
Klass ID Range:  [65536 - 1090519033) (1090453497)
Protection zone: [0x000000001a000000 - 0x000000001a010000), (65536 bytes)


Internal statistics:

num_allocs_failed_limit: 0.
num_arena_births: 246.
num_arena_deaths: 0.
num_vsnodes_births: 2.
num_vsnodes_deaths: 0.
num_space_committed: 259.
num_space_uncommitted: 0.
num_chunks_returned_to_freelist: 0.
num_chunks_taken_from_freelist: 657.
num_chunk_merges: 0.
num_chunk_splits: 385.
num_chunks_enlarged: 256.
num_inconsistent_stats: 0.

CodeHeap 'non-profiled nmethods': size=120064Kb used=804Kb max_used=804Kb free=119259Kb
 bounds [0x000001efac740000, 0x000001efac9b0000, 0x000001efb3c80000]
CodeHeap 'profiled nmethods': size=120000Kb used=3808Kb max_used=3808Kb free=116191Kb
 bounds [0x000001efa4c80000, 0x000001efa5040000, 0x000001efac1b0000]
CodeHeap 'non-nmethods': size=5696Kb used=1622Kb max_used=1733Kb free=4073Kb
 bounds [0x000001efac1b0000, 0x000001efac420000, 0x000001efac740000]
CodeCache: size=245760Kb, used=6234Kb, max_used=6345Kb, free=239523Kb
 total_blobs=3070, nmethods=2472, adapters=500, full_count=0
Compilation: enabled, stopped_count=0, restarted_count=0

Compilation events (20 events):
Event: 101.835 Thread 0x000001efb90e97d0 nmethod 2416 0x000001efa501c088 code [0x000001efa501c180, 0x000001efa501d1b0]
Event: 101.835 Thread 0x000001efb90e97d0 2417       3       java.lang.invoke.LambdaMetafactory::metafactory (71 bytes)
Event: 101.836 Thread 0x000001efb90e97d0 nmethod 2417 0x000001efa501d208 code [0x000001efa501d300, 0x000001efa501ddd0]
Event: 101.839 Thread 0x000001efb90dd9e0 2418       4       java.lang.Class::getPackageName (81 bytes)
Event: 102.850 Thread 0x000001efb90e97d0 2419       3       java.util.ArrayList::toArray (12 bytes)
Event: 102.850 Thread 0x000001efb90e97d0 nmethod 2419 0x000001efa501de08 code [0x000001efa501df00, 0x000001efa501e150]
Event: 102.850 Thread 0x000001efb90e97d0 2420       3       java.util.stream.ReferencePipeline$2$1::begin (13 bytes)
Event: 102.850 Thread 0x000001efb90e97d0 nmethod 2420 0x000001efa501e188 code [0x000001efa501e280, 0x000001efa501e458]
Event: 102.851 Thread 0x000001efb90e97d0 2421       3       java.lang.String::split (8 bytes)
Event: 102.851 Thread 0x000001efb90e97d0 nmethod 2421 0x000001efa501e488 code [0x000001efa501e580, 0x000001efa501e6c0]
Event: 102.852 Thread 0x000001efb90e97d0 2422       3       org.openqa.selenium.remote.codec.AbstractHttpCommandCodec$CommandSpec$$Lambda/0x000000001b20a4e0::test (8 bytes)
Event: 102.852 Thread 0x000001efb90e97d0 nmethod 2422 0x000001efa501e788 code [0x000001efa501e880, 0x000001efa501ec38]
Event: 102.852 Thread 0x000001efb90e97d0 2423       3       org.openqa.selenium.remote.codec.AbstractHttpCommandCodec$CommandSpec::lambda$new$0 (13 bytes)
Event: 102.853 Thread 0x000001efb90e97d0 nmethod 2423 0x000001efa501ec88 code [0x000001efa501ed80, 0x000001efa501eff0]
Event: 102.853 Thread 0x000001efb90e97d0 2424       1       java.lang.invoke.MethodHandleImpl$AsVarargsCollector::getTarget (5 bytes)
Event: 102.853 Thread 0x000001efb90e97d0 nmethod 2424 0x000001efac807408 code [0x000001efac807500, 0x000001efac8075c8]
Event: 102.853 Thread 0x000001efb90e97d0 2425       3       java.util.stream.Collectors$$Lambda/0x000000001b0d1a60::accept (14 bytes)
Event: 102.853 Thread 0x000001efb90e97d0 nmethod 2425 0x000001efa501f008 code [0x000001efa501f100, 0x000001efa501f648]
Event: 102.854 Thread 0x000001efb90e97d0 2426       3       jdk.internal.loader.ClassLoaders::platformClassLoader (4 bytes)
Event: 102.854 Thread 0x000001efb90e97d0 nmethod 2426 0x000001efa501f688 code [0x000001efa501f780, 0x000001efa501f870]

GC Heap Usage History (2 events):
Event: 92.089 {heap Before GC invocations=0 (full 0):
 garbage-first heap   total reserved 2045952K, committed 131072K, used 51349K [0x0000000083200000, 0x0000000100000000)
  region size 1024K, 47 young (48128K), 0 survivors (0K)
}
Event: 92.100 {heap After GC invocations=1 (full 0):
 garbage-first heap   total reserved 2045952K, committed 131072K, used 10615K [0x0000000083200000, 0x0000000100000000)
  region size 1024K, 6 young (6144K), 6 survivors (6144K)
}

Metaspace Usage History (2 events):
Event: 92.089 {metaspace Before GC invocations=0 (full 0):
 Metaspace       used 11139K, committed 11328K, reserved 1114112K
  class space    used 1302K, committed 1408K, reserved 1048576K
}
Event: 92.100 {metaspace After GC invocations=1 (full 0):
 Metaspace       used 11139K, committed 11328K, reserved 1114112K
  class space    used 1302K, committed 1408K, reserved 1048576K
}

Dll operation events (8 events):
Event: 0.013 Loaded shared library C:\Program Files\Java\jdk-25.0.2\bin\java.dll
Event: 0.119 Loaded shared library C:\Program Files\Java\jdk-25.0.2\bin\net.dll
Event: 0.122 Loaded shared library C:\Program Files\Java\jdk-25.0.2\bin\nio.dll
Event: 0.133 Loaded shared library C:\Program Files\Java\jdk-25.0.2\bin\zip.dll
Event: 0.290 Loaded shared library C:\Program Files\Java\jdk-25.0.2\bin\jimage.dll
Event: 0.358 Loaded shared library C:\Program Files\Java\jdk-25.0.2\bin\verify.dll
Event: 0.438 Loaded shared library C:\Program Files\Java\jdk-25.0.2\bin\extnet.dll
Event: 92.275 Loaded shared library C:\Program Files\Java\jdk-25.0.2\bin\sunmscapi.dll

Deoptimization events (20 events):
Event: 92.553 Thread 0x000001ef9a0fcef0 Uncommon trap: trap_request=0xffffffd6 fr.pc=0x000001efac7e3f5c relative=0x00000000000001dc
Event: 92.553 Thread 0x000001ef9a0fcef0 Uncommon trap: reason=array_check action=maybe_recompile pc=0x000001efac7e3f5c method=java.util.Arrays.fill([Ljava/lang/Object;Ljava/lang/Object;)V @ 13 c2
Event: 92.553 Thread 0x000001ef9a0fcef0 DEOPT PACKING pc=0x000001efac7e3f5c sp=0x000000dee98fbb80
Event: 92.553 Thread 0x000001ef9a0fcef0 DEOPT UNPACKING pc=0x000001efac2e0802 sp=0x000000dee98fbb10 mode 2
Event: 92.553 Thread 0x000001ef9a0fcef0 Uncommon trap: trap_request=0xffffffd6 fr.pc=0x000001efac7e3f5c relative=0x00000000000001dc
Event: 92.553 Thread 0x000001ef9a0fcef0 Uncommon trap: reason=array_check action=maybe_recompile pc=0x000001efac7e3f5c method=java.util.Arrays.fill([Ljava/lang/Object;Ljava/lang/Object;)V @ 13 c2
Event: 92.553 Thread 0x000001ef9a0fcef0 DEOPT PACKING pc=0x000001efac7e3f5c sp=0x000000dee98fb8f0
Event: 92.553 Thread 0x000001ef9a0fcef0 DEOPT UNPACKING pc=0x000001efac2e0802 sp=0x000000dee98fb880 mode 2
Event: 92.557 Thread 0x000001ef9a0fcef0 Uncommon trap: trap_request=0xffffffd6 fr.pc=0x000001efac7e3f5c relative=0x00000000000001dc
Event: 92.557 Thread 0x000001ef9a0fcef0 Uncommon trap: reason=array_check action=maybe_recompile pc=0x000001efac7e3f5c method=java.util.Arrays.fill([Ljava/lang/Object;Ljava/lang/Object;)V @ 13 c2
Event: 92.557 Thread 0x000001ef9a0fcef0 DEOPT PACKING pc=0x000001efac7e3f5c sp=0x000000dee98fc160
Event: 92.557 Thread 0x000001ef9a0fcef0 DEOPT UNPACKING pc=0x000001efac2e0802 sp=0x000000dee98fc0f0 mode 2
Event: 92.557 Thread 0x000001ef9a0fcef0 Uncommon trap: trap_request=0xffffffd6 fr.pc=0x000001efac7e3f5c relative=0x00000000000001dc
Event: 92.557 Thread 0x000001ef9a0fcef0 Uncommon trap: reason=array_check action=maybe_recompile pc=0x000001efac7e3f5c method=java.util.Arrays.fill([Ljava/lang/Object;Ljava/lang/Object;)V @ 13 c2
Event: 92.557 Thread 0x000001ef9a0fcef0 DEOPT PACKING pc=0x000001efac7e3f5c sp=0x000000dee98fbed0
Event: 92.557 Thread 0x000001ef9a0fcef0 DEOPT UNPACKING pc=0x000001efac2e0802 sp=0x000000dee98fbe60 mode 2
Event: 92.595 Thread 0x000001efbe2a9820 Uncommon trap: trap_request=0xffffff45 fr.pc=0x000001efac7ea068 relative=0x0000000000003fa8
Event: 92.595 Thread 0x000001efbe2a9820 Uncommon trap: reason=unstable_if action=reinterpret pc=0x000001efac7ea068 method=jdk.internal.classfile.impl.StackMapGenerator.processBlock(Ljdk/internal/classfile/impl/RawBytecodeHelper;)Z @ 56 c2
Event: 92.595 Thread 0x000001efbe2a9820 DEOPT PACKING pc=0x000001efac7ea068 sp=0x000000deebdfc670
Event: 92.595 Thread 0x000001efbe2a9820 DEOPT UNPACKING pc=0x000001efac2e0802 sp=0x000000deebdfc5e8 mode 2

Classes loaded (20 events):
Event: 99.776 Loading class java/util/stream/LongPipeline
Event: 99.782 Loading class java/util/stream/LongStream
Event: 99.784 Loading class java/util/stream/LongStream done
Event: 99.784 Loading class java/util/stream/LongPipeline done
Event: 99.784 Loading class java/util/stream/LongPipeline$StatelessOp done
Event: 99.784 Loading class java/util/stream/ReferencePipeline$5 done
Event: 99.784 Loading class java/util/stream/FindOps$FindSink$OfLong
Event: 99.785 Loading class java/util/stream/Sink$OfLong
Event: 99.786 Loading class java/util/stream/Sink$OfLong done
Event: 99.786 Loading class java/util/stream/FindOps$FindSink$OfLong done
Event: 99.786 Loading class java/util/OptionalLong
Event: 99.787 Loading class java/util/OptionalLong done
Event: 99.787 Loading class java/util/stream/ReferencePipeline$5$1
Event: 99.788 Loading class java/util/stream/ReferencePipeline$5$1 done
Event: 99.788 Loading class java/lang/invoke/VarHandleBytes$FieldInstanceReadWrite
Event: 99.790 Loading class java/lang/invoke/VarHandleBytes$FieldInstanceReadOnly
Event: 99.791 Loading class java/lang/invoke/VarHandleBytes$FieldInstanceReadOnly done
Event: 99.791 Loading class java/lang/invoke/VarHandleBytes$FieldInstanceReadWrite done
Event: 102.842 Loading class java/util/LinkedList$DescendingIterator
Event: 102.842 Loading class java/util/LinkedList$DescendingIterator done

Classes unloaded (0 events):
No events

Classes redefined (0 events):
No events

Internal exceptions (20 events):
Event: 91.935 Thread 0x000001ef9a0fcef0 Exception <a 'java/lang/NoSuchMethodError'{0x0000000088323728}: 'int java.lang.invoke.DirectMethodHandle$Holder.invokeSpecialIFC(java.lang.Object, java.lang.Object, java.lang.Object)'> (0x0000000088323728) 
thrown [s\open\src\hotspot\share\interpreter\linkResolver.cpp, line 804]
Event: 91.948 Thread 0x000001ef9a0fcef0 Exception <a 'java/lang/NoSuchMethodError'{0x0000000088208350}: 'long java.lang.invoke.DirectMethodHandle$Holder.invokeSpecial(java.lang.Object, java.lang.Object)'> (0x0000000088208350) 
thrown [s\open\src\hotspot\share\interpreter\linkResolver.cpp, line 804]
Event: 92.008 Thread 0x000001ef9a0fcef0 Exception <a 'sun/nio/fs/WindowsException'{0x00000000882f0270}> (0x00000000882f0270) 
thrown [s\open\src\hotspot\share\prims\jni.cpp, line 516]
Event: 92.406 Thread 0x000001ef9a0fcef0 Exception <a 'java/lang/NoSuchMethodError'{0x000000008a82a250}: 'java.lang.Object java.lang.invoke.DirectMethodHandle$Holder.invokeInterface(java.lang.Object, java.lang.Object, java.lang.Object)'> (0x000000008a82a250) 
thrown [s\open\src\hotspot\share\interpreter\linkResolver.cpp, line 804]
Event: 92.407 Thread 0x000001ef9a0fcef0 Exception <a 'java/lang/IncompatibleClassChangeError'{0x000000008a8322e0}: Found class java.lang.Object, but interface was expected> (0x000000008a8322e0) 
thrown [s\open\src\hotspot\share\interpreter\linkResolver.cpp, line 871]
Event: 92.409 Thread 0x000001ef9a0fcef0 Exception <a 'java/lang/NoSuchMethodError'{0x000000008a848da8}: 'int java.lang.invoke.DirectMethodHandle$Holder.invokeSpecialIFC(java.lang.Object, java.lang.Object, java.lang.Object, java.lang.Object)'> (0x000000008a848da8) 
thrown [s\open\src\hotspot\share\interpreter\linkResolver.cpp, line 804]
Event: 92.412 Thread 0x000001ef9a0fcef0 Exception <a 'java/lang/NoSuchMethodError'{0x000000008a871de8}: 'java.lang.Object java.lang.invoke.DirectMethodHandle$Holder.invokeVirtual(java.lang.Object, java.lang.Object, java.lang.Object, java.lang.Object)'> (0x000000008a871de8) 
thrown [s\open\src\hotspot\share\interpreter\linkResolver.cpp, line 804]
Event: 92.454 Thread 0x000001efb90d2910 Exception <a 'java/net/ConnectException'{0x000000008a7b7aa8}: Connection refused: getsockopt> (0x000000008a7b7aa8) 
thrown [s\open\src\hotspot\share\prims\jni.cpp, line 534]
Event: 92.466 Thread 0x000001efb90d2910 Exception <a 'java/net/ConnectException'{0x000000008a7b8a60}: Connection refused: getsockopt> (0x000000008a7b8a60) 
thrown [s\open\src\hotspot\share\prims\jni.cpp, line 534]
Event: 92.515 Thread 0x000001ef9a0fcef0 Exception <a 'java/lang/NoSuchMethodError'{0x000000008a5b99f8}: 'java.lang.Object java.lang.invoke.DirectMethodHandle$Holder.newInvokeSpecial(java.lang.Object, java.lang.Object, int, int)'> (0x000000008a5b99f8) 
thrown [s\open\src\hotspot\share\interpreter\linkResolver.cpp, line 804]
Event: 92.520 Thread 0x000001ef9a0fcef0 Exception <a 'java/lang/NoSuchMethodError'{0x000000008a5ca8a8}: 'void java.lang.invoke.DirectMethodHandle$Holder.invokeStatic(java.lang.Object, java.lang.Object, int)'> (0x000000008a5ca8a8) 
thrown [s\open\src\hotspot\share\interpreter\linkResolver.cpp, line 804]
Event: 92.575 Thread 0x000001efbe2a9820 Exception <a 'java/lang/NoSuchMethodError'{0x000000008a236ed0}: 'java.lang.Object java.lang.invoke.DirectMethodHandle$Holder.invokeSpecial(java.lang.Object, java.lang.Object, java.lang.Object, java.lang.Object, java.lang.Object, int)'> (0x000000008a236ed0) 
thrown [s\open\src\hotspot\share\interpreter\linkResolver.cpp, line 804]
Event: 92.575 Thread 0x000001efbe2a9820 Exception <a 'java/lang/NoSuchMethodError'{0x000000008a247388}: 'java.lang.Object java.lang.invoke.Invokers$Holder.linkToTargetMethod(java.lang.Object, java.lang.Object, int, java.lang.Object)'> (0x000000008a247388) 
thrown [s\open\src\hotspot\share\interpreter\linkResolver.cpp, line 804]
Event: 92.591 Thread 0x000001efbe2a9820 Exception <a 'java/lang/NoSuchMethodError'{0x000000008a2e9f68}: 'void java.lang.invoke.DirectMethodHandle$Holder.invokeSpecial(java.lang.Object, java.lang.Object, java.lang.Object, java.lang.Object, java.lang.Object)'> (0x000000008a2e9f68) 
thrown [s\open\src\hotspot\share\interpreter\linkResolver.cpp, line 804]
Event: 92.595 Thread 0x000001efbe2a9820 Exception <a 'java/lang/NoSuchMethodError'{0x000000008a134598}: 'long java.lang.invoke.DirectMethodHandle$Holder.invokeStatic(java.lang.Object, long, long)'> (0x000000008a134598) 
thrown [s\open\src\hotspot\share\interpreter\linkResolver.cpp, line 804]
Event: 92.601 Thread 0x000001efbe3e5490 Exception <a 'java/lang/NoSuchMethodError'{0x000000008a990548}: 'int java.lang.invoke.DirectMethodHandle$Holder.invokeStatic(java.lang.Object, int, java.lang.Object)'> (0x000000008a990548) 
thrown [s\open\src\hotspot\share\interpreter\linkResolver.cpp, line 804]
Event: 92.602 Thread 0x000001efbe3e5490 Exception <a 'java/lang/NoSuchMethodError'{0x000000008a9ae760}: 'java.lang.Object java.lang.invoke.DirectMethodHandle$Holder.newInvokeSpecial(java.lang.Object, java.lang.Object, int)'> (0x000000008a9ae760) 
thrown [s\open\src\hotspot\share\interpreter\linkResolver.cpp, line 804]
Event: 99.772 Thread 0x000001efbe2a9820 Exception <a 'java/lang/NoSuchMethodError'{0x0000000089f1f8a8}: 'long java.lang.invoke.DirectMethodHandle$Holder.invokeStatic(java.lang.Object, java.lang.Object)'> (0x0000000089f1f8a8) 
thrown [s\open\src\hotspot\share\interpreter\linkResolver.cpp, line 804]
Event: 99.806 Thread 0x000001efbe2a9820 Exception <a 'java/lang/NoSuchMethodError'{0x0000000089f81ca8}: 'void java.lang.invoke.DirectMethodHandle$Holder.invokeSpecial(java.lang.Object, java.lang.Object, java.lang.Object, java.lang.Object, java.lang.Object, java.lang.Object, java.lang.Object)'> (0x0000000089f81ca8) 
thrown [s\open\src\hotspot\share\interpreter\linkResolver.cpp, line 804]
Event: 101.834 Thread 0x000001ef9a0fcef0 Exception <a 'java/lang/NoSuchMethodError'{0x0000000089e3f000}: 'java.lang.Object java.lang.invoke.DirectMethodHandle$Holder.invokeSpecialIFC(java.lang.Object, java.lang.Object, java.lang.Object)'> (0x0000000089e3f000) 
thrown [s\open\src\hotspot\share\interpreter\linkResolver.cpp, line 804]

VM Operations (20 events):
Event: 91.959 Executing non-safepoint VM operation: HandshakeAllThreads (Deoptimize)
Event: 91.959 Executing non-safepoint VM operation: HandshakeAllThreads (Deoptimize) done
Event: 91.973 Executing non-safepoint VM operation: HandshakeAllThreads (Deoptimize)
Event: 91.973 Executing non-safepoint VM operation: HandshakeAllThreads (Deoptimize) done
Event: 92.087 Executing safepoint VM operation: G1CollectForAllocation (G1 Evacuation Pause)
Event: 92.101 Executing safepoint VM operation: G1CollectForAllocation (G1 Evacuation Pause) done
Event: 92.108 Executing non-safepoint VM operation: HandshakeAllThreads (Deoptimize)
Event: 92.108 Executing non-safepoint VM operation: HandshakeAllThreads (Deoptimize) done
Event: 92.126 Executing non-safepoint VM operation: HandshakeAllThreads (Deoptimize)
Event: 92.126 Executing non-safepoint VM operation: HandshakeAllThreads (Deoptimize) done
Event: 92.494 Executing non-safepoint VM operation: HandshakeAllThreads (Deoptimize)
Event: 92.494 Executing non-safepoint VM operation: HandshakeAllThreads (Deoptimize) done
Event: 92.495 Executing non-safepoint VM operation: HandshakeAllThreads (Deoptimize)
Event: 92.495 Executing non-safepoint VM operation: HandshakeAllThreads (Deoptimize) done
Event: 92.524 Executing non-safepoint VM operation: HandshakeAllThreads (Deoptimize)
Event: 92.524 Executing non-safepoint VM operation: HandshakeAllThreads (Deoptimize) done
Event: 99.763 Executing non-safepoint VM operation: HandshakeAllThreads (Deoptimize)
Event: 99.763 Executing non-safepoint VM operation: HandshakeAllThreads (Deoptimize) done
Event: 99.767 Executing non-safepoint VM operation: HandshakeAllThreads (Deoptimize)
Event: 99.767 Executing non-safepoint VM operation: HandshakeAllThreads (Deoptimize) done

Memory protections (0 events):
No events

Nmethod flushes (0 events):
No events

Events (20 events):
Event: 60.895 Thread 0x000001efbe497730 Thread exited: 0x000001efbe497730
Event: 60.916 Thread 0x000001efbe3db970 Thread exited: 0x000001efbe3db970
Event: 60.936 Thread 0x000001efbe49a710 Thread exited: 0x000001efbe49a710
Event: 91.230 Thread 0x000001ef9a0fcef0 Thread added: 0x000001efbe3e1de0
Event: 91.836 Thread 0x000001efbe3e1de0 Thread exited: 0x000001efbe3e1de0
Event: 91.874 Thread 0x000001efb90e97d0 Thread added: 0x000001efb90e9fe0
Event: 91.889 Thread 0x000001ef9a0fcef0 Thread added: 0x000001efbe3e1610
Event: 92.302 Thread 0x000001efb90e9fe0 Thread exited: 0x000001efb90e9fe0
Event: 92.396 Thread 0x000001ef9a0fcef0 Thread added: 0x000001efbe3e5490
Event: 92.421 Thread 0x000001ef9a0fcef0 Thread added: 0x000001efbe3e6c00
Event: 92.422 Thread 0x000001ef9a0fcef0 Thread added: 0x000001efbe3e73d0
Event: 92.423 Thread 0x000001ef9a0fcef0 Thread added: 0x000001efb90d1970
Event: 92.434 Thread 0x000001efbe3e73d0 Thread added: 0x000001efb90d2910
Event: 92.495 Thread 0x000001efb90d2910 Thread added: 0x000001efbe2a7110
Event: 92.549 Thread 0x000001efb90e97d0 Thread added: 0x000001efb90eb810
Event: 92.561 Thread 0x000001ef9a0fcef0 Thread added: 0x000001efbe2a9820
Event: 92.603 Thread 0x000001efbe3e5490 Thread added: 0x000001efbe2a9050
Event: 92.604 Thread 0x000001efbe3e5490 Thread added: 0x000001efbe2aced0
Event: 95.604 Thread 0x000001efb90eb810 Thread exited: 0x000001efb90eb810
Event: 102.842 Thread 0x000001efbe2a7110 Thread exited: 0x000001efbe2a7110


Dynamic libraries:
0x00007ff7c6670000 - 0x00007ff7c6680000 	C:\Program Files\Java\jdk-25.0.2\bin\javaw.exe
0x00007ffcf95e0000 - 0x00007ffcf9846000 	C:\WINDOWS\SYSTEM32\ntdll.dll
0x00007ffcf8830000 - 0x00007ffcf88f9000 	C:\WINDOWS\System32\KERNEL32.DLL
0x00007ffcf6870000 - 0x00007ffcf6c6a000 	C:\WINDOWS\System32\KERNELBASE.dll
0x00007ffcf6da0000 - 0x00007ffcf6eec000 	C:\WINDOWS\System32\ucrtbase.dll
0x00007ffcd81f0000 - 0x00007ffcd820e000 	C:\Program Files\Java\jdk-25.0.2\bin\VCRUNTIME140.dll
0x00007ffcd81d0000 - 0x00007ffcd81e7000 	C:\Program Files\Java\jdk-25.0.2\bin\jli.dll
0x00007ffcf8b70000 - 0x00007ffcf8d37000 	C:\WINDOWS\System32\USER32.dll
0x00007ffcf7270000 - 0x00007ffcf7297000 	C:\WINDOWS\System32\win32u.dll
0x00007ffce1400000 - 0x00007ffce1692000 	C:\WINDOWS\WinSxS\amd64_microsoft.windows.common-controls_6595b64144ccf1df_6.0.26100.8521_none_3e08b75ce33403b3\COMCTL32.dll
0x00007ffcf8b30000 - 0x00007ffcf8b5b000 	C:\WINDOWS\System32\GDI32.dll
0x00007ffcf6c70000 - 0x00007ffcf6d9b000 	C:\WINDOWS\System32\gdi32full.dll
0x00007ffcf8fa0000 - 0x00007ffcf9049000 	C:\WINDOWS\System32\msvcrt.dll
0x00007ffcf72a0000 - 0x00007ffcf7343000 	C:\WINDOWS\System32\msvcp_win.dll
0x00007ffcf90d0000 - 0x00007ffcf9102000 	C:\WINDOWS\System32\IMM32.DLL
0x00007ffcf0470000 - 0x00007ffcf047c000 	C:\Program Files\Java\jdk-25.0.2\bin\vcruntime140_1.dll
0x00007ffcc79e0000 - 0x00007ffcc7a6d000 	C:\Program Files\Java\jdk-25.0.2\bin\msvcp140.dll
0x00007ffc4b470000 - 0x00007ffc4c2cf000 	C:\Program Files\Java\jdk-25.0.2\bin\server\jvm.dll
0x00007ffcf7350000 - 0x00007ffcf7406000 	C:\WINDOWS\System32\ADVAPI32.dll
0x00007ffcf89e0000 - 0x00007ffcf8a8a000 	C:\WINDOWS\System32\sechost.dll
0x00007ffcf7610000 - 0x00007ffcf7728000 	C:\WINDOWS\System32\RPCRT4.dll
0x00007ffcf8a90000 - 0x00007ffcf8b10000 	C:\WINDOWS\System32\WS2_32.dll
0x00007ffcf66d0000 - 0x00007ffcf672e000 	C:\WINDOWS\SYSTEM32\POWRPROF.dll
0x00007ffced390000 - 0x00007ffced3c6000 	C:\WINDOWS\SYSTEM32\WINMM.dll
0x00007ffce82b0000 - 0x00007ffce82bb000 	C:\WINDOWS\SYSTEM32\VERSION.dll
0x00007ffcf66b0000 - 0x00007ffcf66c4000 	C:\WINDOWS\SYSTEM32\UMPDC.dll
0x00007ffcf5600000 - 0x00007ffcf561b000 	C:\WINDOWS\SYSTEM32\kernel.appcore.dll
0x00007ffce6fb0000 - 0x00007ffce6fba000 	C:\Program Files\Java\jdk-25.0.2\bin\jimage.dll
0x00007ffcf39f0000 - 0x00007ffcf3c32000 	C:\WINDOWS\SYSTEM32\DBGHELP.DLL
0x00007ffcf8490000 - 0x00007ffcf8813000 	C:\WINDOWS\System32\combase.dll
0x00007ffcf8900000 - 0x00007ffcf89d9000 	C:\WINDOWS\System32\OLEAUT32.dll
0x00007ffccc0f0000 - 0x00007ffccc12b000 	C:\WINDOWS\SYSTEM32\dbgcore.DLL
0x00007ffcf7130000 - 0x00007ffcf71d8000 	C:\WINDOWS\System32\bcryptPrimitives.dll
0x00007ffccd3c0000 - 0x00007ffccd3df000 	C:\Program Files\Java\jdk-25.0.2\bin\java.dll
0x00007ffcf8d50000 - 0x00007ffcf8ee8000 	C:\WINDOWS\System32\ole32.dll
0x00007ffcf7c70000 - 0x00007ffcf83f4000 	C:\WINDOWS\System32\SHELL32.dll
0x00007ffcf4450000 - 0x00007ffcf4cd0000 	C:\WINDOWS\SYSTEM32\windows.storage.dll
0x00007ffcf7860000 - 0x00007ffcf7956000 	C:\WINDOWS\System32\SHCORE.dll
0x00007ffcf77f0000 - 0x00007ffcf7857000 	C:\WINDOWS\System32\shlwapi.dll
0x00007ffcf6790000 - 0x00007ffcf67b9000 	C:\WINDOWS\SYSTEM32\profapi.dll
0x00007ffccbb20000 - 0x00007ffccbb32000 	C:\Program Files\Java\jdk-25.0.2\bin\net.dll
0x00007ffcf5b70000 - 0x00007ffcf5bdc000 	C:\WINDOWS\system32\mswsock.dll
0x00007ffccbb00000 - 0x00007ffccbb16000 	C:\Program Files\Java\jdk-25.0.2\bin\nio.dll
0x00007ffccbae0000 - 0x00007ffccbaf7000 	C:\Program Files\Java\jdk-25.0.2\bin\zip.dll
0x00007ffce6df0000 - 0x00007ffce6e00000 	C:\Program Files\Java\jdk-25.0.2\bin\verify.dll
0x00007ffcf50f0000 - 0x00007ffcf523a000 	C:\WINDOWS\SYSTEM32\DNSAPI.dll
0x00007ffcf5970000 - 0x00007ffcf597d000 	C:\WINDOWS\SYSTEM32\DSPARSE.dll
0x00007ffcf50b0000 - 0x00007ffcf50e3000 	C:\WINDOWS\SYSTEM32\IPHLPAPI.DLL
0x00007ffcf8b20000 - 0x00007ffcf8b2a000 	C:\WINDOWS\System32\NSI.dll
0x00007ffce82c0000 - 0x00007ffce82cb000 	C:\Windows\System32\rasadhlp.dll
0x00007ffcf0300000 - 0x00007ffcf0386000 	C:\WINDOWS\System32\fwpuclnt.dll
0x00007ffce6d80000 - 0x00007ffce6d89000 	C:\Program Files\Java\jdk-25.0.2\bin\extnet.dll
0x00007ffcf5e50000 - 0x00007ffcf5e6b000 	C:\WINDOWS\SYSTEM32\CRYPTSP.dll
0x00007ffcf5560000 - 0x00007ffcf5599000 	C:\WINDOWS\system32\rsaenh.dll
0x00007ffcf5c20000 - 0x00007ffcf5c53000 	C:\WINDOWS\SYSTEM32\USERENV.dll
0x00007ffcf6760000 - 0x00007ffcf678a000 	C:\WINDOWS\SYSTEM32\bcrypt.dll
0x00007ffcf5e70000 - 0x00007ffcf5e7c000 	C:\WINDOWS\SYSTEM32\CRYPTBASE.dll
0x00007ffce6360000 - 0x00007ffce636e000 	C:\Program Files\Java\jdk-25.0.2\bin\sunmscapi.dll
0x00007ffcf6fb0000 - 0x00007ffcf7128000 	C:\WINDOWS\System32\CRYPT32.dll
0x00007ffcf6070000 - 0x00007ffcf60a0000 	C:\WINDOWS\SYSTEM32\ncrypt.dll
0x00007ffcf6020000 - 0x00007ffcf605f000 	C:\WINDOWS\SYSTEM32\NTASN1.dll
0x00007ffc89a60000 - 0x00007ffc89a68000 	C:\WINDOWS\system32\wshunix.dll

JVMTI agents: none

dbghelp: loaded successfully - version: 4.0.5 - missing functions: none
symbol engine: initialized successfully - sym options: 0x614 - pdb path: .;C:\Program Files\Java\jdk-25.0.2\bin;C:\WINDOWS\SYSTEM32;C:\WINDOWS\WinSxS\amd64_microsoft.windows.common-controls_6595b64144ccf1df_6.0.26100.8521_none_3e08b75ce33403b3;C:\Program Files\Java\jdk-25.0.2\bin\server

VM Arguments:
jvm_args: -ea -Dfile.encoding=UTF-8 -Dstdout.encoding=UTF-8 -Dstderr.encoding=UTF-8 -XX:+ShowCodeDetailsInExceptionMessages 
java_command: org.testng.remote.RemoteTestNG -serport 62010 -protocol json -d E:\Automation _lapy\MasterAutomationWorkSpcae\RETTERAlarm2.0_Main\RETTERAlarm2.0_07072026\test-output E:\Automation _lapy\MasterAutomationWorkSpcae\RETTERAlarm2.0_Main\RETTERAlarm2.0_07072026\DeleteMain.xml
java_class_path (initial): C:\Users\BHUPESH\eclipse\java-2026-062\eclipse\configuration\org.eclipse.osgi\535\0\.cp\lib\testng-remote.jar;E:\Automation _lapy\MasterAutomationWorkSpcae\RETTERAlarm2.0_Main\RETTERAlarm2.0_07072026\target\test-classes;E:\Automation _lapy\MasterAutomationWorkSpcae\RETTERAlarm2.0_Main\RETTERAlarm2.0_07072026\target\classes;C:\Users\BHUPESH\.m2\repository\com\aventstack\extentreports\5.0.9\extentreports-5.0.9.jar;C:\Users\BHUPESH\.m2\repository\io\reactivex\rxjava3\rxjava\3.0.4\rxjava-3.0.4.jar;C:\Users\BHUPESH\.m2\repository\org\reactivestreams\reactive-streams\1.0.3\reactive-streams-1.0.3.jar;C:\Users\BHUPESH\.m2\repository\org\freemarker\freemarker\2.3.30\freemarker-2.3.30.jar;C:\Users\BHUPESH\.m2\repository\org\projectlombok\lombok\1.18.12\lombok-1.18.12.jar;C:\Users\BHUPESH\.m2\repository\com\google\code\gson\gson\2.8.6\gson-2.8.6.jar;C:\Users\BHUPESH\.m2\repository\org\seleniumhq\selenium\selenium-java\4.17.0\selenium-java-4.17.0.jar;C:\Users\BHUPESH\.m2\repository\org\seleniumhq\selenium\selenium-api\4.17.0\selenium-api-4.17.0.jar;C:\Users\BHUPESH\.m2\repository\org\seleniumhq\selenium\selenium-chrome-driver\4.17.0\selenium-chrome-driver-4.17.0.jar;C:\Users\BHUPESH\.m2\repository\com\google\auto\service\auto-service-annotations\1.1.1\auto-service-annotations-1.1.1.jar;C:\Users\BHUPESH\.m2\repository\org\seleniumhq\selenium\selenium-chromium-driver\4.17.0\selenium-chromium-driver-4.17.0.jar;C:\Users\BHUPESH\.m2\repository\org\seleniumhq\selenium\selenium-json\4.17.0\selenium-json-4.17.0.jar;C:\Users\BHUPESH\.m2\repository\org\seleniumhq\selenium\selenium-manager\4.17.0\selenium-manager-4.17.0.jar;C:\Users\BHUPESH\.m2\repository\org\seleniumhq\selenium\selenium-devtools-v119\4.17.0\selenium-devtools-v119-4.17.0.jar;C:\Users\BHUPESH\.m2\repository\org\seleniumhq\selenium\selenium-devtools-v120\4.17.0\selenium-devtools-v120-4.17.0.jar;C:\Users\BHUPESH\.m2\repository\org\seleniumhq\selenium\selenium-devtools-v121\4.17.0\selenium-devtools-v121-4.17.0.jar;C:\Users\BHUPESH\.m2\repository\org\seleniumhq\selenium\selenium-devtools-v85\4.17.0\selenium-devtools-v85-4.17.0.jar;C:\Users\BHUPESH\.m2\repository\org\seleniumhq\selenium\selenium-edge-driver\4.17.0\selenium-edge-driver-4.17.0.jar;C:\Users\BHUPESH\.m2\repository\org\seleniumhq\selenium\selenium-firefox-driver\4.17.0\selenium-firefox-driver-4.17.0.jar;C:\Users\BHUPESH\.m2\repository\org\seleniumhq\selenium\selenium-http\4.17.0\selenium-http-4.17.0.jar;C:\Users\BHUPESH\.m2\repository\dev\failsafe\failsafe\3.3.2\failsafe-3.3.2.jar;C:\Users\BHUPESH\.m2\repository\org\seleniumhq\selenium\selenium-ie-driver\4.17.0\selenium-ie-driver-4.17.0.jar;C:\Users\BHUPESH\.m2\repository\org\seleniumhq\selenium\selenium-remote-driver\4.17.0\selenium-remote-driver-4.17.0.jar;C:\Users\BHUPESH\.m2\repository\com\google\guava\guava\33.0.0-jre\guava-33.0.0-jre.jar;C:\Users\BHUPESH\.m2\repository\com\google\guava\failureaccess\1.0.2\failureaccess-1.0.2.jar;C:\Users\BHUPESH\.m2\repository\com\google\guava\listenablefuture\9999.0-empty-to-avoid-conflict-with-guava\listenablefuture-9999.0-empty-to-avoid-conflict-with-guava.jar;C:\Users\BHUPESH\.m2\repository\com\google\code\findbugs\jsr305\3.0.2\jsr305-3.0.2.jar;C:\Users\BHUPESH\.m2\repository\org\checkerframework\checker-qual\3.41.0\checker-qual-3.41.0.jar;C:\Users\BHUPESH\.m2\repository\com\google\errorprone\error_prone_annotations\2.23.0\error_prone_annotations-2.23.0.jar;C:\Users\BHUPESH\.m2\repository\com\google\j2objc\j2objc-annotations\2.8\j2objc-annotations-2.8.jar;C:\Users\BHUPESH\.m2\repository\io\opentelemetry\semconv\opentelemetry-semconv\1.23.1-alpha\opentelemetry-semconv-1.23.1-alpha.jar;C:\Users\BHUPESH\.m2\repository\io\opentelemetry\opentelemetry-api\1.34.1\opentelemetry-api-1.34.1.jar;C:\Users\BHUPESH\.m2\repository\io\opentelemetry\opentelemetry-context\1.34.1\opentelemetry-context-1.34.1.jar;C:\Users\BHUPESH\.m2\repository\io\opentelemetry\opentelemetry-exporter-logging\1.34.1\opentelemetry-exporter-logging-1.34.1.jar;C:\Users\BHUPESH\.m2\repository\io\opentelemetry\opentelemetry-sdk-common\1.34.1\opentelemetry-sdk-common-1.34.1.jar;C:\Users\BHUPESH\.m2\repository\io\opentelemetry\opentelemetry-sdk-extension-autoconfigure-spi\1.34.1\opentelemetry-sdk-extension-autoconfigure-spi-1.34.1.jar;C:\Users\BHUPESH\.m2\repository\io\opentelemetry\opentelemetry-sdk-extension-autoconfigure\1.34.1\opentelemetry-sdk-extension-autoconfigure-1.34.1.jar;C:\Users\BHUPESH\.m2\repository\io\opentelemetry\opentelemetry-api-events\1.34.1-alpha\opentelemetry-api-events-1.34.1-alpha.jar;C:\Users\BHUPESH\.m2\repository\io\opentelemetry\opentelemetry-sdk-trace\1.34.1\opentelemetry-sdk-trace-1.34.1.jar;C:\Users\BHUPESH\.m2\repository\io\opentelemetry\opentelemetry-sdk\1.34.1\opentelemetry-sdk-1.34.1.jar;C:\Users\BHUPESH\.m2\repository\io\opentelemetry\opentelemetry-sdk-metrics\1.34.1\opentelemetry-sdk-metrics-1.34.1.jar;C:\Users\BHUPESH\.m2\repository\io\opentelemetry\opentelemetry-extension-incubator\1.34.1-alpha\opentelemetry-extension-incubator-1.34.1-alpha.jar;C:\Users\BHUPESH\.m2\repository\io\opentelemetry\opentelemetry-sdk-logs\1.34.1\opentelemetry-sdk-logs-1.34.1.jar;C:\Users\BHUPESH\.m2\repository\net\bytebuddy\byte-buddy\1.14.11\byte-buddy-1.14.11.jar;C:\Users\BHUPESH\.m2\repository\org\seleniumhq\selenium\selenium-os\4.17.0\selenium-os-4.17.0.jar;C:\Users\BHUPESH\.m2\repository\org\apache\commons\commons-exec\1.3\commons-exec-1.3.jar;C:\Users\BHUPESH\.m2\repository\org\seleniumhq\selenium\selenium-safari-driver\4.17.0\selenium-safari-driver-4.17.0.jar;C:\Users\BHUPESH\.m2\repository\org\seleniumhq\selenium\selenium-support\4.17.0\selenium-support-4.17.0.jar;C:\Users\BHUPESH\.m2\repository\org\testng\testng\7.9.0\testng-7.9.0.jar;C:\Users\BHUPESH\.m2\repository\org\slf4j\slf4j-api\1.7.36\slf4j-api-1.7.36.jar;C:\Users\BHUPESH\.m2\repository\com\beust\jcommander\1.82\jcommander-1.82.jar;C:\Users\BHUPESH\.m2\repository\org\webjars\jquery\3.7.1\jquery-3.7.1.jar;C:\Users\BHUPESH\.m2\repository\org\apache\poi\poi-ooxml\5.2.5\poi-ooxml-5.2.5.jar;C:\Users\BHUPESH\.m2\repository\org\apache\poi\poi-ooxml-lite\5.2.5\poi-ooxml-lite-5.2.5.jar;C:\Users\BHUPESH\.m2\repository\org\apache\xmlbeans\xmlbeans\5.2.0\xmlbeans-5.2.0.jar;C:\Users\BHUPESH\.m2\repository\org\apache\commons\commons-compress\1.25.0\commons-compress-1.25.0.jar;C:\Users\BHUPESH\.m2\repository\commons-io\commons-io\2.15.0\commons-io-2.15.0.jar;C:\Users\BHUPESH\.m2\repository\com\github\virtuald\curvesapi\1.08\curvesapi-1.08.jar;C:\Users\BHUPESH\.m2\repository\org\apache\commons\commons-collections4\4.4\commons-collections4-4.4.jar;C:\Users\BHUPESH\.m2\repository\org\slf4j\slf4j-simple\1.7.32\slf4j-simple-1.7.32.jar;C:\Users\BHUPESH\.m2\repository\org\apache\logging\log4j\log4j-core\2.20.0\log4j-core-2.20.0.jar;C:\Users\BHUPESH\.m2\repository\org\apache\logging\log4j\log4j-api\2.20.0\log4j-api-2.20.0.jar;C:\Users\BHUPESH\.m2\repository\org\apache\poi\poi\5.2.5\poi-5.2.5.jar;C:\Users\BHUPESH\.m2\repository\commons-codec\commons-codec\1.16.0\commons-codec-1.16.0.jar;C:\Users\BHUPESH\.m2\repository\org\apache\commons\commons-math3\3.6.1\commons-math3-3.6.1.jar;C:\Users\BHUPESH\.m2\repository\com\zaxxer\SparseBitSet\1.3\SparseBitSet-1.3.jar;C:\Users\BHUPESH\.m2\repository\io\github\bonigarcia\webdrivermanager\5.8.0\webdrivermanager-5.8.0.jar;C:\Users\BHUPESH\.m2\repository\com\github\docker-java\docker-java\3.3.6\docker-java-3.3.6.jar;C:\Users\BHUPESH\.m2\repository\com\github\docker-java\docker-java-core\3.3.6\docker-java-core-3.3.6.jar;C:\Users\BHUPESH\.m2\repository\com\github\docker-java\docker-java-api\3.3.6\docker-java-api-3.3.6.jar;C:\Users\BHUPESH\.m2\repository\com\fasterxml\jackson\core\jackson-annotations\2.10.3\jackson-annotations-2.10.3.jar;C:\Users\BHUPESH\.m2\repository\com\fasterxml\jackson\core\jackson-databind\2.10.3\jackson-databind-2.10.3.jar;C:\Users\BHUPESH\.m2\repository\com\fasterxml\jackson\core\jackson-core\2.10.3\jackson-core-2.10.3.jar;C:\Users\BHUPESH\.m2\repository\org\bouncycastle\bcpkix-jdk18on\1.76\bcpkix-jdk18on-1.76.jar;C:\Users\BHUPESH\.m2\repository\org\bouncycastle\bcprov-jdk18on\1.76\bcprov-jdk18on-1.76.jar;C:\Users\BHUPESH\.m2\repository\org\bouncycastle\bcutil-jdk18on\1.76\bcutil-jdk18on-1.76.jar;C:\Users\BHUPESH\.m2\repository\org\slf4j\jcl-over-slf4j\1.7.30\jcl-over-slf4j-1.7.30.jar;C:\Users\BHUPESH\.m2\repository\com\github\docker-java\docker-java-transport-httpclient5\3.3.6\docker-java-transport-httpclient5-3.3.6.jar;C:\Users\BHUPESH\.m2\repository\com\github\docker-java\docker-java-transport\3.3.6\docker-java-transport-3.3.6.jar;C:\Users\BHUPESH\.m2\repository\net\java\dev\jna\jna\5.13.0\jna-5.13.0.jar;C:\Users\BHUPESH\.m2\repository\org\brotli\dec\0.1.2\dec-0.1.2.jar;C:\Users\BHUPESH\.m2\repository\org\apache\commons\commons-lang3\3.14.0\commons-lang3-3.14.0.jar;C:\Users\BHUPESH\.m2\repository\org\apache\httpcomponents\client5\httpclient5\5.2.1\httpclient5-5.2.1.jar;C:\Users\BHUPESH\.m2\repository\org\apache\httpcomponents\core5\httpcore5\5.2\httpcore5-5.2.jar;C:\Users\BHUPESH\.m2\repository\org\apache\httpcomponents\core5\httpcore5-h2\5.2\httpcore5-h2-5.2.jar
Launcher Type: SUN_STANDARD

[Global flags]
     intx CICompilerCount                          = 4                                         {product} {ergonomic}
     uint ConcGCThreads                            = 2                                         {product} {ergonomic}
     uint G1ConcRefinementThreads                  = 8                                         {product} {ergonomic}
   size_t G1HeapRegionSize                         = 1048576                                   {product} {ergonomic}
   size_t InitialHeapSize                          = 132120576                                 {product} {ergonomic}
   size_t MarkStackSize                            = 4194304                                   {product} {ergonomic}
   size_t MarkStackSizeMax                         = 536870912                                 {product} {ergonomic}
   size_t MaxHeapSize                              = 2095054848                                {product} {ergonomic}
   size_t MaxNewSize                               = 1256194048                                {product} {ergonomic}
   size_t MinHeapDeltaBytes                        = 1048576                                   {product} {ergonomic}
   size_t MinHeapSize                              = 8388608                                   {product} {ergonomic}
    uintx NonNMethodCodeHeapSize                   = 5832704                                {pd product} {ergonomic}
    uintx NonProfiledCodeHeapSize                  = 122945536                              {pd product} {ergonomic}
    uintx ProfiledCodeHeapSize                     = 122880000                              {pd product} {ergonomic}
    uintx ReservedCodeCacheSize                    = 251658240                              {pd product} {ergonomic}
     bool SegmentedCodeCache                       = true                                      {product} {ergonomic}
     bool ShowCodeDetailsInExceptionMessages       = true                                   {manageable} {command line}
   size_t SoftMaxHeapSize                          = 2095054848                             {manageable} {ergonomic}
     bool UseCompressedOops                        = true                           {product lp64_product} {ergonomic}
     bool UseG1GC                                  = true                                      {product} {ergonomic}
     bool UseLargePagesIndividualAllocation        = false                                  {pd product} {ergonomic}

Logging:
Log output configuration:
 #0: stdout all=warning uptime,level,tags foldmultilines=false
 #1: stderr all=off uptime,level,tags foldmultilines=false

Release file:
IMPLEMENTOR="Oracle Corporation" 
JAVA_RUNTIME_VERSION="25.0.2+10-LTS-69" 
JAVA_VERSION="25.0.2" 
JAVA_VERSION_DATE="2026-01-20" 
LIBC="default" 
MODULES="java.base java.compiler java.datatransfer java.xml java.prefs java.desktop java.instrument java.logging java.management java.security.sasl java.naming java.rmi java.management.rmi java.net.http java.scripting java.security.jgss java.transaction.xa java.sql java.sql.rowset java.xml.crypto java.se java.smartcardio jdk.accessibility jdk.internal.jvmstat jdk.attach jdk.charsets jdk.internal.opt jdk.zipfs jdk.compiler jdk.crypto.cryptoki jdk.crypto.ec jdk.crypto.mscapi jdk.dynalink jdk.internal.ed jdk.editpad jdk.internal.vm.ci jdk.graal.compiler jdk.graal.compiler.management jdk.hotspot.agent jdk.httpserver jdk.incubator.vector jdk.internal.le jdk.internal.md jdk.jartool jdk.javadoc jdk.jcmd jdk.management jdk.management.agent jdk.jconsole jdk.jdeps jdk.jdwp.agent jdk.jdi jdk.jfr jdk.jlink jdk.jpackage jdk.jshell jdk.jsobject jdk.jstatd jdk.localedata jdk.management.jfr jdk.naming.dns jdk.naming.rmi jdk.net jdk.nio.mapmode jdk.sctp jdk.security.auth jdk.security.jgss jdk.unsupported jdk.unsupported.desktop jdk.xml.dom" 
OS_ARCH="x86_64" 
OS_NAME="Windows" 
SOURCE=".:git:b75efb40c93a open:git:405a5699ebd0" 

Environment Variables:
JAVA_HOME=C:\Program Files\Java\jdk-25.0.2\
PATH=C:/Users/BHUPESH/.p2/pool/plugins/org.eclipse.justj.openjdk.hotspot.jre.full.win32.x86_64_21.0.11.v20260515-1531/jre/bin/server;C:/Users/BHUPESH/.p2/pool/plugins/org.eclipse.justj.openjdk.hotspot.jre.full.win32.x86_64_21.0.11.v20260515-1531/jre/bin;C:\Program Files\Common Files\Oracle\Java\javapath;C:\WINDOWS\system32;C:\WINDOWS;C:\WINDOWS\System32\Wbem;C:\WINDOWS\System32\WindowsPowerShell\v1.0\;C:\WINDOWS\System32\OpenSSH\;C:\Program Files\Java\jdk-25.0.2\bin;C:\Maven\apache-maven-3.9.11\bin;C:\Users\Lenovo\AppData\Local\Android\Sdk\platform-tools;C:\Users\Lenovo\AppData\Local\Android\Sdk\platform-tools;C:\Users\Lenovo\AppData\Local\Android\Sdk;C:\Users\Lenovo\AppData\Local\Android\Sdk\platform-tools;C:\Users\Lenovo\AppData\Local\Android\Sdk\tools;C:\Users\Lenovo\AppData\Local\Android\Sdk\tools\bin;C:\Program Files\nodejs\;C:\Users\BHUPESH\AppData\Local\Microsoft\WindowsApps;;C:\Users\BHUPESH\eclipse\java-2026-062\eclipse;
USERNAME=BHUPESH
OS=Windows_NT
PROCESSOR_IDENTIFIER=Intel64 Family 6 Model 140 Stepping 1, GenuineIntel
TMP=C:\Users\BHUPESH\AppData\Local\Temp
TEMP=C:\Users\BHUPESH\AppData\Local\Temp




Compilation memory statistics disabled.

Periodic native trim disabled

---------------  S Y S T E M  ---------------

OS:
 Windows 11 , 64 bit Build 26100 (10.0.26100.8521)
OS uptime: 1 days 15:27 hours

CPU: total 8 (initial active 8) (4 cores per cpu, 2 threads per core) family 6 model 140 stepping 1 microcode 0x9a, cx8, cmov, fxsr, ht, mmx, 3dnowpref, sse, sse2, sse3, ssse3, sse4.1, sse4.2, popcnt, lzcnt, tsc, tscinvbit, avx, avx2, aes, erms, clmul, bmi1, bmi2, adx, avx512f, avx512dq, avx512cd, avx512bw, avx512vl, sha, fma, vzeroupper, avx512_vpopcntdq, avx512_vpclmulqdq, avx512_vaes, avx512_vnni, clflush, clflushopt, clwb, avx512_vbmi2, avx512_vbmi, rdtscp, rdpid, fsrm, gfni, avx512_bitalg, f16c, pku, cet_ibt, cet_ss, avx512_ifma
Processor Information for the first 8 processors :
  Max Mhz: 2419, Current Mhz: 2419, Mhz Limit: 2419

Memory: 4k page, system-wide physical 7991M (503M free)
TotalPageFile size 31379M (AvailPageFile size 6M)
current process WorkingSet (physical memory assigned to process): 102M, peak: 138M
current process commit charge ("private bytes"): 243M, peak: 290M

vm_info: Java HotSpot(TM) 64-Bit Server VM (25.0.2+10-LTS-69) for windows-amd64 JRE (25.0.2+10-LTS-69), built on 2025-12-18T11:36:35Z with MS VC++ 17.13 (VS2022)

END.
