#
# There is insufficient memory for the Java Runtime Environment to continue.
# Native memory allocation (malloc) failed to allocate 1481816 bytes. Error detail: Chunk::new
# Possible reasons:
#   The system is out of physical RAM or swap space
#   This process is running with CompressedOops enabled, and the Java Heap may be blocking the growth of the native heap
# Possible solutions:
#   Reduce memory load on the system
#   Increase physical memory or swap space
#   Check if swap backing store is full
#   Decrease Java heap size (-Xmx/-Xms)
#   Decrease number of Java threads
#   Decrease Java thread stack sizes (-Xss)
#   Set larger code cache with -XX:ReservedCodeCacheSize=
#   JVM is running with Unscaled Compressed Oops mode in which the Java heap is
#     placed in the first 4GB address space. The Java Heap base address is the
#     maximum limit for the native heap growth. Please use -XX:HeapBaseMinAddress
#     to set the Java Heap base and to place the Java Heap above 4GB virtual address.
# This output file may be truncated or incomplete.
#
#  Out of Memory Error (arena.cpp:186), pid=36012, tid=25648
#
# JRE version: Java(TM) SE Runtime Environment (25.0.2+10) (build 25.0.2+10-LTS-69)
# Java VM: Java HotSpot(TM) 64-Bit Server VM (25.0.2+10-LTS-69, mixed mode, sharing, tiered, compressed oops, compressed class ptrs, g1 gc, windows-amd64)
# No core dump will be written. Minidumps are not enabled by default on client versions of Windows
#

---------------  S U M M A R Y ------------

Command Line: -ea -Dfile.encoding=UTF-8 -Dstdout.encoding=UTF-8 -Dstderr.encoding=UTF-8 -XX:+ShowCodeDetailsInExceptionMessages org.testng.remote.RemoteTestNG -serport 49864 -protocol json -d E:\Automation _lapy\MasterAutomationWorkSpcae\RETTERAlarm2.0_Main\RETTERAlarm2.0_07072026\test-output E:\Automation _lapy\MasterAutomationWorkSpcae\RETTERAlarm2.0_Main\RETTERAlarm2.0_07072026\DeleteMain.xml

Host: 11th Gen Intel(R) Core(TM) i5-1135G7 @ 2.40GHz, 8 cores, 7G,  Windows 11 , 64 bit Build 26100 (10.0.26100.8521)
Time: Thu Jul  9 10:50:30 2026 India Standard Time elapsed time: 198.826472 seconds (0d 0h 3m 18s)

---------------  T H R E A D  ---------------

Current thread (0x000001fbbb6aa3c0):  JavaThread "C2 CompilerThread0" daemon [_thread_in_native, id=25648, stack(0x000000ddbaa00000,0x000000ddbab00000) (1024K)]


Current CompileTask:
C2:198832 4480   !   4       java.util.concurrent.ConcurrentHashMap::putVal (432 bytes)

Stack: [0x000000ddbaa00000,0x000000ddbab00000]
Native frames: (J=compiled Java code, j=interpreted, Vv=VM code, C=native code)
V  [jvm.dll+0x7a70f9]  (no source info available)
V  [jvm.dll+0x772d6d]  (no source info available)
V  [jvm.dll+0x965d53]  (no source info available)
V  [jvm.dll+0x968351]  (no source info available)
V  [jvm.dll+0x968a63]  (no source info available)
V  [jvm.dll+0x2fc846]  (no source info available)
V  [jvm.dll+0x111b16]  (no source info available)
V  [jvm.dll+0x111e3e]  (no source info available)
V  [jvm.dll+0x1a0872]  (no source info available)
V  [jvm.dll+0x3b54c2]  (no source info available)
V  [jvm.dll+0x7aca8f]  (no source info available)
V  [jvm.dll+0x2c0b97]  (no source info available)
V  [jvm.dll+0x2bfb5f]  (no source info available)
V  [jvm.dll+0x2379a0]  (no source info available)
V  [jvm.dll+0x2cfc86]  (no source info available)
V  [jvm.dll+0x2cdf05]  (no source info available)
V  [jvm.dll+0x48e9d1]  (no source info available)
V  [jvm.dll+0x906fcd]  (no source info available)
V  [jvm.dll+0x7a56d5]  (no source info available)
C  [ucrtbase.dll+0x2cd30]  (no source info available)
C  [KERNEL32.DLL+0x2e957]  (no source info available)
C  [ntdll.dll+0x87c1c]  (no source info available)

Lock stack of current Java thread (top to bottom):


---------------  P R O C E S S  ---------------

Threads class SMR info:
_java_thread_list=0x000001fbc1c832e0, length=27, elements={
0x000001fb9e9abed0, 0x000001fbbb689790, 0x000001fbbb689f50, 0x000001fbbb68b450,
0x000001fbbb68c010, 0x000001fbbb696bf0, 0x000001fbbb691b10, 0x000001fbbb6aa3c0,
0x000001fbbb6baf10, 0x000001fbbb692ab0, 0x000001fbbb68fbd0, 0x000001fbbb696160,
0x000001fbc07819a0, 0x000001fbc077eac0, 0x000001fbc0780a00, 0x000001fbc077e2f0,
0x000001fbc0782170, 0x000001fbc07838e0, 0x000001fbc0784880, 0x000001fbc0c6a030,
0x000001fbc0c6a800, 0x000001fbc0c6afd0, 0x000001fbc0c6ee50, 0x000001fbc0ad4e30,
0x000001fbc0ad4660, 0x000001fbc0ad1780, 0x000001fbc0ad2ef0
}

Java Threads: ( => current thread )
  0x000001fb9e9abed0 JavaThread "Forwarding screenshot on session b6057f486373f109a4aeb09a70c2c2b6 to remote"        [_thread_blocked, id=8876, stack(0x000000ddb9c00000,0x000000ddb9d00000) (1024K)]
  0x000001fbbb689790 JavaThread "Reference Handler"          daemon [_thread_blocked, id=33008, stack(0x000000ddba400000,0x000000ddba500000) (1024K)]
  0x000001fbbb689f50 JavaThread "Finalizer"                  daemon [_thread_blocked, id=37808, stack(0x000000ddba500000,0x000000ddba600000) (1024K)]
  0x000001fbbb68b450 JavaThread "Signal Dispatcher"          daemon [_thread_blocked, id=40340, stack(0x000000ddba600000,0x000000ddba700000) (1024K)]
  0x000001fbbb68c010 JavaThread "Attach Listener"            daemon [_thread_blocked, id=15204, stack(0x000000ddba700000,0x000000ddba800000) (1024K)]
  0x000001fbbb696bf0 JavaThread "Service Thread"             daemon [_thread_blocked, id=18100, stack(0x000000ddba800000,0x000000ddba900000) (1024K)]
  0x000001fbbb691b10 JavaThread "Monitor Deflation Thread"   daemon [_thread_blocked, id=36124, stack(0x000000ddba900000,0x000000ddbaa00000) (1024K)]
=>0x000001fbbb6aa3c0 JavaThread "C2 CompilerThread0"         daemon [_thread_in_native, id=25648, stack(0x000000ddbaa00000,0x000000ddbab00000) (1024K)]
  0x000001fbbb6baf10 JavaThread "C1 CompilerThread0"         daemon [_thread_blocked, id=24192, stack(0x000000ddbab00000,0x000000ddbac00000) (1024K)]
  0x000001fbbb692ab0 JavaThread "Notification Thread"        daemon [_thread_blocked, id=26680, stack(0x000000ddbac00000,0x000000ddbad00000) (1024K)]
  0x000001fbbb68fbd0 JavaThread "Common-Cleaner"             daemon [_thread_blocked, id=5632, stack(0x000000ddbad00000,0x000000ddbae00000) (1024K)]
  0x000001fbbb696160 JavaThread "ReaderThread"                      [_thread_in_native, id=30808, stack(0x000000ddbb000000,0x000000ddbb100000) (1024K)]
  0x000001fbc07819a0 JavaThread "ForkJoinPool.commonPool-worker-1" daemon [_thread_blocked, id=38156, stack(0x000000ddbb100000,0x000000ddbb200000) (1024K)]
  0x000001fbc077eac0 JavaThread "ForkJoinPool.commonPool-worker-2" daemon [_thread_blocked, id=22136, stack(0x000000ddbb200000,0x000000ddbb300000) (1024K)]
  0x000001fbc0780a00 JavaThread "ForkJoinPool.commonPool-worker-3" daemon [_thread_blocked, id=30144, stack(0x000000ddbb300000,0x000000ddbb400000) (1024K)]
  0x000001fbc077e2f0 JavaThread "ForkJoinPool.commonPool-worker-4" daemon [_thread_blocked, id=31472, stack(0x000000ddbb400000,0x000000ddbb500000) (1024K)]
  0x000001fbc0782170 JavaThread "ForkJoinPool.commonPool-worker-6" daemon [_thread_blocked, id=2100, stack(0x000000ddbb500000,0x000000ddbb600000) (1024K)]
  0x000001fbc07838e0 JavaThread "ForkJoinPool.commonPool-worker-5" daemon [_thread_blocked, id=36560, stack(0x000000ddbb600000,0x000000ddbb700000) (1024K)]
  0x000001fbc0784880 JavaThread "ForkJoinPool.commonPool-worker-7" daemon [_thread_blocked, id=31200, stack(0x000000ddbb700000,0x000000ddbb800000) (1024K)]
  0x000001fbc0c6a030 JavaThread "HttpClient-1-SelectorManager" daemon [_thread_in_native, id=16196, stack(0x000000ddbbe00000,0x000000ddbbf00000) (1024K)]
  0x000001fbc0c6a800 JavaThread "External Process Output Forwarder - C:\Users\BHUPESH\.cache\selenium\chromedriver\win64\149.0.7827.155\chromedriver.exe" daemon [_thread_in_native, id=16116, stack(0x000000ddbbf00000,0x000000ddbc000000) (1024K)]
  0x000001fbc0c6afd0 JavaThread "Driver Service Executor"    daemon [_thread_blocked, id=20668, stack(0x000000ddbc000000,0x000000ddbc100000) (1024K)]
  0x000001fbc0c6ee50 JavaThread "Driver Service Executor"    daemon [_thread_blocked, id=9304, stack(0x000000ddbc100000,0x000000ddbc200000) (1024K)]
  0x000001fbc0ad4e30 JavaThread "pool-1-thread-1"                   [_thread_blocked, id=368, stack(0x000000ddbc500000,0x000000ddbc600000) (1024K)]
  0x000001fbc0ad4660 JavaThread "pool-1-thread-2"                   [_thread_blocked, id=14620, stack(0x000000ddbc600000,0x000000ddbc700000) (1024K)]
  0x000001fbc0ad1780 JavaThread "pool-1-thread-3"                   [_thread_blocked, id=31440, stack(0x000000ddbc700000,0x000000ddbc800000) (1024K)]
  0x000001fbc0ad2ef0 JavaThread "HttpClient-2-SelectorManager" daemon [_thread_in_native, id=22792, stack(0x000000ddbc400000,0x000000ddbc500000) (1024K)]
Total: 27

Other Threads:
  0x000001fbbb672fd0 VMThread "VM Thread"                           [id=33536, stack(0x000000ddba300000,0x000000ddba400000) (1024K)]
  0x000001fbbb664330 WatcherThread "VM Periodic Task Thread"        [id=14220, stack(0x000000ddba200000,0x000000ddba300000) (1024K)]
  0x000001fb9ea05060 WorkerThread "GC Thread#0"                     [id=33948, stack(0x000000ddb9d00000,0x000000ddb9e00000) (1024K)]
  0x000001fbc0c68b80 WorkerThread "GC Thread#1"                     [id=1768, stack(0x000000ddbae00000,0x000000ddbaf00000) (1024K)]
  0x000001fbc0c68fb0 WorkerThread "GC Thread#2"                     [id=34724, stack(0x000000ddbb800000,0x000000ddbb900000) (1024K)]
  0x000001fbc0c693e0 WorkerThread "GC Thread#3"                     [id=37484, stack(0x000000ddbb900000,0x000000ddbba00000) (1024K)]
  0x000001fbc0c7c5b0 WorkerThread "GC Thread#4"                     [id=18980, stack(0x000000ddbba00000,0x000000ddbbb00000) (1024K)]
  0x000001fbc0a35ea0 WorkerThread "GC Thread#5"                     [id=14632, stack(0x000000ddbbb00000,0x000000ddbbc00000) (1024K)]
  0x000001fbc0a362d0 WorkerThread "GC Thread#6"                     [id=5600, stack(0x000000ddbbc00000,0x000000ddbbd00000) (1024K)]
  0x000001fbbbac8710 WorkerThread "GC Thread#7"                     [id=40816, stack(0x000000ddbbd00000,0x000000ddbbe00000) (1024K)]
  0x000001fb9ea1e6c0 ConcurrentGCThread "G1 Main Marker"            [id=34064, stack(0x000000ddb9e00000,0x000000ddb9f00000) (1024K)]
  0x000001fb9ea1fa00 WorkerThread "G1 Conc#0"                       [id=21964, stack(0x000000ddb9f00000,0x000000ddba000000) (1024K)]
  0x000001fbc0a38e20 WorkerThread "G1 Conc#1"                       [id=32828, stack(0x000000ddbcb00000,0x000000ddbcc00000) (1024K)]
  0x000001fbbb52bb10 ConcurrentGCThread "G1 Refine#0"               [id=38020, stack(0x000000ddba000000,0x000000ddba100000) (1024K)]
  0x000001fbbb52d3e0 ConcurrentGCThread "G1 Service"                [id=13428, stack(0x000000ddba100000,0x000000ddba200000) (1024K)]
Total: 15

Threads with active compile tasks:
C2 CompilerThread0  199123 4480   !   4       java.util.concurrent.ConcurrentHashMap::putVal (432 bytes)
Total: 1

VM state: not at safepoint (normal execution)

VM Mutex/Monitor currently owned by a thread: None

Heap address: 0x0000000083200000, size: 1998 MB, Compressed Oops mode: 32-bit

CDS archive(s) mapped at: [0x0000000029000000-0x0000000029dd0000-0x0000000029dd0000), size 14483456, SharedBaseAddress: 0x0000000029000000, ArchiveRelocationMode: 1.
Compressed class space mapped at: 0x000000002a000000-0x000000006a000000, reserved size: 1073741824
UseCompressedClassPointers 1, UseCompactObjectHeaders 0
Narrow klass pointer bits 32, Max shift 3
Narrow klass base: 0x0000000029000000, Narrow klass shift: 0
Encoding Range: [0x0000000029000000 - 0x0000000129000000), (4294967296 bytes)
Klass Range:    [0x0000000029010000 - 0x000000006a000000), (1090453504 bytes)
Klass ID Range:  [65536 - 1090519033) (1090453497)
Protection zone: [0x0000000029000000 - 0x0000000029010000), (65536 bytes)

GC Precious Log:
 CardTable entry size: 512
 Card Set container configuration: InlinePtr #cards 5 size 8 Array Of Cards #cards 10 size 36 Howl #buckets 4 coarsen threshold 1843 Howl Bitmap #cards 512 size 80 coarsen threshold 460 Card regions per heap region 1 cards per card region 2048
 CPUs: 8 total, 8 available
 Memory: 7991M
 Large Page Support: Disabled
 NUMA Support: Disabled
 Compressed Oops: Enabled (32-bit)
 Heap Region Size: 1M
 Heap Min Capacity: 8M
 Heap Initial Capacity: 126M
 Heap Max Capacity: 1998M
 Pre-touch: Disabled
 Parallel Workers: 8
 Concurrent Workers: 2
 Concurrent Refinement Workers: 8
 Periodic GC: Disabled

Heap:
 garbage-first heap   total reserved 2045952K, committed 61440K, used 18529K [0x0000000083200000, 0x0000000100000000)
  region size 1024K, 4 young (4096K), 3 survivors (3072K)

Heap Regions: E=young(eden), S=young(survivor), O=old, HS=humongous(starts), HC=humongous(continues), CS=collection set, F=free, TAMS=top-at-mark-start, PB=parsable bottom
|   0|0x0000000083200000, 0x0000000083300000, 0x0000000083300000|100%|HS|  |TAMS 0x0000000083200000| PB 0x0000000083200000| Complete |  0
|   1|0x0000000083300000, 0x0000000083400000, 0x0000000083400000|100%| O|  |TAMS 0x0000000083300000| PB 0x0000000083300000| Untracked |  0
|   2|0x0000000083400000, 0x0000000083500000, 0x0000000083500000|100%| O|  |TAMS 0x0000000083400000| PB 0x0000000083400000| Untracked |  0
|   3|0x0000000083500000, 0x0000000083600000, 0x0000000083600000|100%| O|  |TAMS 0x0000000083500000| PB 0x0000000083500000| Untracked |  0
|   4|0x0000000083600000, 0x0000000083700000, 0x0000000083700000|100%| O|  |TAMS 0x0000000083600000| PB 0x0000000083600000| Untracked |  0
|   5|0x0000000083700000, 0x0000000083800000, 0x0000000083800000|100%| O|  |TAMS 0x0000000083700000| PB 0x0000000083700000| Untracked |  0
|   6|0x0000000083800000, 0x0000000083900000, 0x0000000083900000|100%| O|  |TAMS 0x0000000083800000| PB 0x0000000083800000| Untracked |  0
|   7|0x0000000083900000, 0x0000000083a00000, 0x0000000083a00000|100%| O|  |TAMS 0x0000000083900000| PB 0x0000000083900000| Untracked |  0
|   8|0x0000000083a00000, 0x0000000083b00000, 0x0000000083b00000|100%| O|  |TAMS 0x0000000083a00000| PB 0x0000000083a00000| Untracked |  0
|   9|0x0000000083b00000, 0x0000000083b186c0, 0x0000000083c00000|  9%| O|  |TAMS 0x0000000083b00000| PB 0x0000000083b00000| Untracked |  0
|  10|0x0000000083c00000, 0x0000000083d00000, 0x0000000083d00000|100%| O|  |TAMS 0x0000000083c00000| PB 0x0000000083c00000| Untracked |  0
|  11|0x0000000083d00000, 0x0000000083e00000, 0x0000000083e00000|100%| O|  |TAMS 0x0000000083d00000| PB 0x0000000083d00000| Untracked |  0
|  12|0x0000000083e00000, 0x0000000083f00000, 0x0000000083f00000|100%| O|  |TAMS 0x0000000083e00000| PB 0x0000000083e00000| Untracked |  0
|  13|0x0000000083f00000, 0x0000000084000000, 0x0000000084000000|100%| O|  |TAMS 0x0000000083f00000| PB 0x0000000083f00000| Untracked |  0
|  14|0x0000000084000000, 0x0000000084100000, 0x0000000084100000|100%| O|  |TAMS 0x0000000084000000| PB 0x0000000084000000| Untracked |  0
|  15|0x0000000084100000, 0x0000000084100000, 0x0000000084200000|  0%| F|  |TAMS 0x0000000084100000| PB 0x0000000084100000| Untracked |  0
|  16|0x0000000084200000, 0x0000000084200000, 0x0000000084300000|  0%| F|  |TAMS 0x0000000084200000| PB 0x0000000084200000| Untracked |  0
|  17|0x0000000084300000, 0x0000000084300000, 0x0000000084400000|  0%| F|  |TAMS 0x0000000084300000| PB 0x0000000084300000| Untracked |  0
|  18|0x0000000084400000, 0x0000000084400000, 0x0000000084500000|  0%| F|  |TAMS 0x0000000084400000| PB 0x0000000084400000| Untracked |  0
|  19|0x0000000084500000, 0x0000000084500000, 0x0000000084600000|  0%| F|  |TAMS 0x0000000084500000| PB 0x0000000084500000| Untracked |  0
|  20|0x0000000084600000, 0x0000000084600000, 0x0000000084700000|  0%| F|  |TAMS 0x0000000084600000| PB 0x0000000084600000| Untracked |  0
|  21|0x0000000084700000, 0x0000000084700000, 0x0000000084800000|  0%| F|  |TAMS 0x0000000084700000| PB 0x0000000084700000| Untracked |  0
|  22|0x0000000084800000, 0x0000000084800000, 0x0000000084900000|  0%| F|  |TAMS 0x0000000084800000| PB 0x0000000084800000| Untracked |  0
|  23|0x0000000084900000, 0x0000000084900000, 0x0000000084a00000|  0%| F|  |TAMS 0x0000000084900000| PB 0x0000000084900000| Untracked |  0
|  24|0x0000000084a00000, 0x0000000084a00000, 0x0000000084b00000|  0%| F|  |TAMS 0x0000000084a00000| PB 0x0000000084a00000| Untracked |  0
|  25|0x0000000084b00000, 0x0000000084b00000, 0x0000000084c00000|  0%| F|  |TAMS 0x0000000084b00000| PB 0x0000000084b00000| Untracked |  0
|  26|0x0000000084c00000, 0x0000000084c00000, 0x0000000084d00000|  0%| F|  |TAMS 0x0000000084c00000| PB 0x0000000084c00000| Untracked |  0
|  27|0x0000000084d00000, 0x0000000084d00000, 0x0000000084e00000|  0%| F|  |TAMS 0x0000000084d00000| PB 0x0000000084d00000| Untracked |  0
|  28|0x0000000084e00000, 0x0000000084e00000, 0x0000000084f00000|  0%| F|  |TAMS 0x0000000084e00000| PB 0x0000000084e00000| Untracked |  0
|  29|0x0000000084f00000, 0x0000000085000000, 0x0000000085000000|100%| S|CS|TAMS 0x0000000084f00000| PB 0x0000000084f00000| Complete |  0
|  30|0x0000000085000000, 0x0000000085100000, 0x0000000085100000|100%| S|CS|TAMS 0x0000000085000000| PB 0x0000000085000000| Complete |  0
|  31|0x0000000085100000, 0x0000000085200000, 0x0000000085200000|100%| S|CS|TAMS 0x0000000085100000| PB 0x0000000085100000| Complete |  0
|  32|0x0000000085200000, 0x0000000085200000, 0x0000000085300000|  0%| F|  |TAMS 0x0000000085200000| PB 0x0000000085200000| Untracked |  0
|  33|0x0000000085300000, 0x0000000085300000, 0x0000000085400000|  0%| F|  |TAMS 0x0000000085300000| PB 0x0000000085300000| Untracked |  0
|  34|0x0000000085400000, 0x0000000085400000, 0x0000000085500000|  0%| F|  |TAMS 0x0000000085400000| PB 0x0000000085400000| Untracked |  0
|  35|0x0000000085500000, 0x0000000085500000, 0x0000000085600000|  0%| F|  |TAMS 0x0000000085500000| PB 0x0000000085500000| Untracked |  0
|  36|0x0000000085600000, 0x0000000085600000, 0x0000000085700000|  0%| F|  |TAMS 0x0000000085600000| PB 0x0000000085600000| Untracked |  0
|  37|0x0000000085700000, 0x0000000085700000, 0x0000000085800000|  0%| F|  |TAMS 0x0000000085700000| PB 0x0000000085700000| Untracked |  0
|  38|0x0000000085800000, 0x0000000085800000, 0x0000000085900000|  0%| F|  |TAMS 0x0000000085800000| PB 0x0000000085800000| Untracked |  0
|  39|0x0000000085900000, 0x0000000085900000, 0x0000000085a00000|  0%| F|  |TAMS 0x0000000085900000| PB 0x0000000085900000| Untracked |  0
|  40|0x0000000085a00000, 0x0000000085a00000, 0x0000000085b00000|  0%| F|  |TAMS 0x0000000085a00000| PB 0x0000000085a00000| Untracked |  0
|  41|0x0000000085b00000, 0x0000000085b00000, 0x0000000085c00000|  0%| F|  |TAMS 0x0000000085b00000| PB 0x0000000085b00000| Untracked |  0
|  42|0x0000000085c00000, 0x0000000085c00000, 0x0000000085d00000|  0%| F|  |TAMS 0x0000000085c00000| PB 0x0000000085c00000| Untracked |  0
|  43|0x0000000085d00000, 0x0000000085d00000, 0x0000000085e00000|  0%| F|  |TAMS 0x0000000085d00000| PB 0x0000000085d00000| Untracked |  0
|  44|0x0000000085e00000, 0x0000000085e00000, 0x0000000085f00000|  0%| F|  |TAMS 0x0000000085e00000| PB 0x0000000085e00000| Untracked |  0
|  45|0x0000000085f00000, 0x0000000085f00000, 0x0000000086000000|  0%| F|  |TAMS 0x0000000085f00000| PB 0x0000000085f00000| Untracked |  0
|  46|0x0000000086000000, 0x0000000086000000, 0x0000000086100000|  0%| F|  |TAMS 0x0000000086000000| PB 0x0000000086000000| Untracked |  0
|  47|0x0000000086100000, 0x0000000086100000, 0x0000000086200000|  0%| F|  |TAMS 0x0000000086100000| PB 0x0000000086100000| Untracked |  0
|  48|0x0000000086200000, 0x0000000086200000, 0x0000000086300000|  0%| F|  |TAMS 0x0000000086200000| PB 0x0000000086200000| Untracked |  0
|  49|0x0000000086300000, 0x0000000086300000, 0x0000000086400000|  0%| F|  |TAMS 0x0000000086300000| PB 0x0000000086300000| Untracked |  0
|  50|0x0000000086400000, 0x0000000086400000, 0x0000000086500000|  0%| F|  |TAMS 0x0000000086400000| PB 0x0000000086400000| Untracked |  0
|  51|0x0000000086500000, 0x0000000086500000, 0x0000000086600000|  0%| F|  |TAMS 0x0000000086500000| PB 0x0000000086500000| Untracked |  0
|  52|0x0000000086600000, 0x0000000086600000, 0x0000000086700000|  0%| F|  |TAMS 0x0000000086600000| PB 0x0000000086600000| Untracked |  0
|  87|0x0000000088900000, 0x0000000088900000, 0x0000000088a00000|  0%| F|  |TAMS 0x0000000088900000| PB 0x0000000088900000| Untracked |  0
|  88|0x0000000088a00000, 0x0000000088a00000, 0x0000000088b00000|  0%| F|  |TAMS 0x0000000088a00000| PB 0x0000000088a00000| Untracked |  0
|  89|0x0000000088b00000, 0x0000000088b00000, 0x0000000088c00000|  0%| F|  |TAMS 0x0000000088b00000| PB 0x0000000088b00000| Untracked |  0
|  90|0x0000000088c00000, 0x0000000088c00000, 0x0000000088d00000|  0%| F|  |TAMS 0x0000000088c00000| PB 0x0000000088c00000| Untracked |  0
| 125|0x000000008af00000, 0x000000008af00000, 0x000000008b000000|  0%| F|  |TAMS 0x000000008af00000| PB 0x000000008af00000| Untracked |  0
|1996|0x00000000ffe00000, 0x00000000fff00000, 0x00000000fff00000|100%| O|  |TAMS 0x00000000ffe00000| PB 0x00000000ffe00000| Untracked |  0
|1997|0x00000000fff00000, 0x00000000fff26f28, 0x0000000100000000| 15%| E|  |TAMS 0x00000000fff00000| PB 0x00000000fff00000| Complete |  0

Card table byte_map: [0x000001fbb6950000,0x000001fbb6d40000] _byte_map_base: 0x000001fbb6537000

Marking Bits: (CMBitMap*) 0x000001fb9ea057f0
 Bits: [0x000001fbb6d40000, 0x000001fbb8c78000)

Polling page: 0x000001fb9c7b0000

Metaspace:
Metaspace        used 30322K, committed 30720K, reserved 1114112K
 class space     used 3739K, committed 3904K, reserved 1048576K

Usage:
  Non-class:     25.96 MB used.
      Class:      3.65 MB used.
       Both:     29.61 MB used.

Virtual space:
  Non-class space:       64.00 MB reserved,      26.19 MB ( 41%) committed,  1 nodes.
      Class space:        1.00 GB reserved,       3.81 MB ( <1%) committed,  1 nodes.
             Both:        1.06 GB reserved,      30.00 MB (  3%) committed. 

Chunk freelists:
   Non-Class:  5.80 MB
       Class:  12.22 MB
        Both:  18.02 MB

MaxMetaspaceSize: unlimited
CompressedClassSpaceSize: 1.00 GB
Initial GC threshold: 21.00 MB
Current GC threshold: 35.12 MB
CDS: on
 - commit_granule_bytes: 65536.
 - commit_granule_words: 8192.
 - virtual_space_node_default_size: 8388608.
 - enlarge_chunks_in_place: 1.
UseCompressedClassPointers 1, UseCompactObjectHeaders 0
Narrow klass pointer bits 32, Max shift 3
Narrow klass base: 0x0000000029000000, Narrow klass shift: 0
Encoding Range: [0x0000000029000000 - 0x0000000129000000), (4294967296 bytes)
Klass Range:    [0x0000000029010000 - 0x000000006a000000), (1090453504 bytes)
Klass ID Range:  [65536 - 1090519033) (1090453497)
Protection zone: [0x0000000029000000 - 0x0000000029010000), (65536 bytes)


Internal statistics:

num_allocs_failed_limit: 3.
num_arena_births: 372.
num_arena_deaths: 0.
num_vsnodes_births: 2.
num_vsnodes_deaths: 0.
num_space_committed: 480.
num_space_uncommitted: 0.
num_chunks_returned_to_freelist: 3.
num_chunks_taken_from_freelist: 1218.
num_chunk_merges: 0.
num_chunk_splits: 791.
num_chunks_enlarged: 596.
num_inconsistent_stats: 0.

CodeHeap 'non-profiled nmethods': size=120064Kb used=1513Kb max_used=1513Kb free=118550Kb
 bounds [0x000001fbaecf0000, 0x000001fbaef60000, 0x000001fbb6230000]
CodeHeap 'profiled nmethods': size=120000Kb used=7235Kb max_used=7235Kb free=112764Kb
 bounds [0x000001fba7230000, 0x000001fba7950000, 0x000001fbae760000]
CodeHeap 'non-nmethods': size=5696Kb used=1721Kb max_used=1852Kb free=3974Kb
 bounds [0x000001fbae760000, 0x000001fbae9d0000, 0x000001fbaecf0000]
CodeCache: size=245760Kb, used=10469Kb, max_used=10600Kb, free=235288Kb
 total_blobs=5159, nmethods=4484, adapters=577, full_count=0
Compilation: enabled, stopped_count=0, restarted_count=0

Compilation events (20 events):
Event: 197.604 Thread 0x000001fbbb6baf10 nmethod 4476 0x000001fba793c908 code [0x000001fba793ca00, 0x000001fba793d370]
Event: 197.604 Thread 0x000001fbbb6baf10 4477       3       org.openqa.selenium.remote.http.jdk.JdkHttpMessages$$Lambda/0x000000002a1a4b10::test (8 bytes)
Event: 197.605 Thread 0x000001fbbb6baf10 nmethod 4477 0x000001fba793d408 code [0x000001fba793d500, 0x000001fba793d788]
Event: 197.710 Thread 0x000001fbbb6baf10 4478       3       jdk.internal.misc.VM::isModuleSystemInited (13 bytes)
Event: 197.711 Thread 0x000001fbbb6baf10 nmethod 4478 0x000001fba793d808 code [0x000001fba793d900, 0x000001fba793da48]
Event: 197.748 Thread 0x000001fbbb6baf10 4479       3       org.testng.internal.IParameterInfo::embeddedInstance (19 bytes)
Event: 197.749 Thread 0x000001fbbb6baf10 nmethod 4479 0x000001fba793db08 code [0x000001fba793dc00, 0x000001fba793dfd0]
Event: 197.762 Thread 0x000001fbbb6aa3c0 4480   !   4       java.util.concurrent.ConcurrentHashMap::putVal (432 bytes)
Event: 197.775 Thread 0x000001fbbb6baf10 4482       1       org.testng.internal.TestResult::getStatus (5 bytes)
Event: 197.775 Thread 0x000001fbbb6baf10 nmethod 4482 0x000001fbaee69f88 code [0x000001fbaee6a080, 0x000001fbaee6a148]
Event: 197.778 Thread 0x000001fbbb6baf10 4484       3       java.io.Writer::write (11 bytes)
Event: 197.779 Thread 0x000001fbbb6baf10 nmethod 4484 0x000001fba793e008 code [0x000001fba793e100, 0x000001fba793e4c8]
Event: 197.781 Thread 0x000001fbbb6baf10 4485       3       org.testng.shaded.com.google.gson.internal.Excluder::excludeClassChecks (61 bytes)
Event: 197.786 Thread 0x000001fbbb6baf10 nmethod 4485 0x000001fba793e508 code [0x000001fba793e620, 0x000001fba793fa40]
Event: 197.786 Thread 0x000001fbbb6baf10 4488       3       org.testng.shaded.com.google.gson.stream.JsonWriter::string (171 bytes)
Event: 197.788 Thread 0x000001fbbb6baf10 nmethod 4488 0x000001fba793fa88 code [0x000001fba793fb80, 0x000001fba7940b68]
Event: 197.788 Thread 0x000001fbbb6baf10 4486       3       org.testng.shaded.com.google.gson.TypeAdapter::<init> (5 bytes)
Event: 197.788 Thread 0x000001fbbb6baf10 nmethod 4486 0x000001fba7940b88 code [0x000001fba7940c80, 0x000001fba7940de0]
Event: 197.788 Thread 0x000001fbbb6baf10 4487       1       java.lang.reflect.Field::getGenericSignature (5 bytes)
Event: 197.788 Thread 0x000001fbbb6baf10 nmethod 4487 0x000001fbaee6a288 code [0x000001fbaee6a380, 0x000001fbaee6a448]

GC Heap Usage History (9 events):
Event: 2.412 {heap Before GC invocations=0 (full 0):
 garbage-first heap   total reserved 2045952K, committed 131072K, used 51349K [0x0000000083200000, 0x0000000100000000)
  region size 1024K, 47 young (48128K), 0 survivors (0K)
}
Event: 2.422 {heap After GC invocations=1 (full 0):
 garbage-first heap   total reserved 2045952K, committed 131072K, used 10567K [0x0000000083200000, 0x0000000100000000)
  region size 1024K, 6 young (6144K), 6 survivors (6144K)
}
Event: 5.173 {heap Before GC invocations=1 (full 0):
 garbage-first heap   total reserved 2045952K, committed 131072K, used 44359K [0x0000000083200000, 0x0000000100000000)
  region size 1024K, 41 young (41984K), 6 survivors (6144K)
}
Event: 5.185 {heap After GC invocations=2 (full 0):
 garbage-first heap   total reserved 2045952K, committed 131072K, used 14245K [0x0000000083200000, 0x0000000100000000)
  region size 1024K, 4 young (4096K), 4 survivors (4096K)
}
Event: 5.976 {heap Before GC invocations=3 (full 0):
 garbage-first heap   total reserved 2045952K, committed 55296K, used 53157K [0x0000000083200000, 0x0000000100000000)
  region size 1024K, 42 young (43008K), 4 survivors (4096K)
}
Event: 5.983 {heap After GC invocations=4 (full 0):
 garbage-first heap   total reserved 2045952K, committed 61440K, used 16133K [0x0000000083200000, 0x0000000100000000)
  region size 1024K, 6 young (6144K), 6 survivors (6144K)
}
Event: 6.117 {heap Before GC invocations=4 (full 0):
 garbage-first heap   total reserved 2045952K, committed 61440K, used 42757K [0x0000000083200000, 0x0000000100000000)
  region size 1024K, 32 young (32768K), 6 survivors (6144K)
}
Event: 6.121 {heap After GC invocations=5 (full 0):
 garbage-first heap   total reserved 2045952K, committed 61440K, used 17437K [0x0000000083200000, 0x0000000100000000)
  region size 1024K, 4 young (4096K), 4 survivors (4096K)
}
Event: 197.806 {heap Before GC invocations=5 (full 0):
 garbage-first heap   total reserved 2045952K, committed 61440K, used 44061K [0x0000000083200000, 0x0000000100000000)
  region size 1024K, 31 young (31744K), 4 survivors (4096K)
}

Metaspace Usage History (9 events):
Event: 2.412 {metaspace Before GC invocations=0 (full 0):
 Metaspace       used 11121K, committed 11328K, reserved 1114112K
  class space    used 1302K, committed 1408K, reserved 1048576K
}
Event: 2.422 {metaspace After GC invocations=1 (full 0):
 Metaspace       used 11121K, committed 11328K, reserved 1114112K
  class space    used 1302K, committed 1408K, reserved 1048576K
}
Event: 5.173 {metaspace Before GC invocations=1 (full 0):
 Metaspace       used 21226K, committed 21504K, reserved 1114112K
  class space    used 2605K, committed 2752K, reserved 1048576K
}
Event: 5.185 {metaspace After GC invocations=2 (full 0):
 Metaspace       used 21226K, committed 21504K, reserved 1114112K
  class space    used 2605K, committed 2752K, reserved 1048576K
}
Event: 5.976 {metaspace Before GC invocations=3 (full 0):
 Metaspace       used 26191K, committed 26496K, reserved 1114112K
  class space    used 3253K, committed 3392K, reserved 1048576K
}
Event: 5.983 {metaspace After GC invocations=4 (full 0):
 Metaspace       used 26191K, committed 26496K, reserved 1114112K
  class space    used 3253K, committed 3392K, reserved 1048576K
}
Event: 6.117 {metaspace Before GC invocations=4 (full 0):
 Metaspace       used 27278K, committed 27648K, reserved 1114112K
  class space    used 3414K, committed 3584K, reserved 1048576K
}
Event: 6.121 {metaspace After GC invocations=5 (full 0):
 Metaspace       used 27278K, committed 27648K, reserved 1114112K
  class space    used 3414K, committed 3584K, reserved 1048576K
}
Event: 197.807 {metaspace Before GC invocations=5 (full 0):
 Metaspace       used 30322K, committed 30720K, reserved 1114112K
  class space    used 3739K, committed 3904K, reserved 1048576K
}

Dll operation events (10 events):
Event: 0.019 Loaded shared library C:\Program Files\Java\jdk-25.0.2\bin\java.dll
Event: 0.162 Loaded shared library C:\Program Files\Java\jdk-25.0.2\bin\net.dll
Event: 0.165 Loaded shared library C:\Program Files\Java\jdk-25.0.2\bin\nio.dll
Event: 0.177 Loaded shared library C:\Program Files\Java\jdk-25.0.2\bin\zip.dll
Event: 0.393 Loaded shared library C:\Program Files\Java\jdk-25.0.2\bin\jimage.dll
Event: 0.507 Loaded shared library C:\Program Files\Java\jdk-25.0.2\bin\verify.dll
Event: 0.607 Loaded shared library C:\Program Files\Java\jdk-25.0.2\bin\extnet.dll
Event: 2.600 Loaded shared library C:\Program Files\Java\jdk-25.0.2\bin\sunmscapi.dll
Event: 4.900 Loaded shared library C:\Program Files\Java\jdk-25.0.2\bin\management.dll
Event: 4.905 Loaded shared library C:\Program Files\Java\jdk-25.0.2\bin\management_ext.dll

Deoptimization events (20 events):
Event: 164.194 Thread 0x000001fb9e9abed0 Uncommon trap: trap_request=0xffffffde fr.pc=0x000001fbaeddd160 relative=0x0000000000000b60
Event: 164.194 Thread 0x000001fb9e9abed0 Uncommon trap: reason=class_check action=maybe_recompile pc=0x000001fbaeddd160 method=java.util.concurrent.ConcurrentHashMap.putVal(Ljava/lang/Object;Ljava/lang/Object;Z)Ljava/lang/Object; @ 242 c2
Event: 164.195 Thread 0x000001fb9e9abed0 DEOPT PACKING pc=0x000001fbaeddd160 sp=0x000000ddb9cfdfc0
Event: 164.195 Thread 0x000001fb9e9abed0 DEOPT UNPACKING pc=0x000001fbae890802 sp=0x000000ddb9cfdf40 mode 2
Event: 197.625 Thread 0x000001fb9e9abed0 Uncommon trap: trap_request=0xffffffd6 fr.pc=0x000001fbaee55c54 relative=0x0000000000000754
Event: 197.626 Thread 0x000001fb9e9abed0 Uncommon trap: reason=array_check action=maybe_recompile pc=0x000001fbaee55c54 method=jdk.internal.classfile.impl.AttributeHolder.withAttribute(Ljava/lang/classfile/Attribute;)V @ 115 c2
Event: 197.627 Thread 0x000001fb9e9abed0 DEOPT PACKING pc=0x000001fbaee55c54 sp=0x000000ddb9cfc380
Event: 197.629 Thread 0x000001fb9e9abed0 DEOPT UNPACKING pc=0x000001fbae890802 sp=0x000000ddb9cfc340 mode 2
Event: 197.629 Thread 0x000001fb9e9abed0 Uncommon trap: trap_request=0xffffffd6 fr.pc=0x000001fbaee55c54 relative=0x0000000000000754
Event: 197.629 Thread 0x000001fb9e9abed0 Uncommon trap: reason=array_check action=maybe_recompile pc=0x000001fbaee55c54 method=jdk.internal.classfile.impl.AttributeHolder.withAttribute(Ljava/lang/classfile/Attribute;)V @ 115 c2
Event: 197.629 Thread 0x000001fb9e9abed0 DEOPT PACKING pc=0x000001fbaee55c54 sp=0x000000ddb9cfc410
Event: 197.629 Thread 0x000001fb9e9abed0 DEOPT UNPACKING pc=0x000001fbae890802 sp=0x000000ddb9cfc3d0 mode 2
Event: 197.689 Thread 0x000001fb9e9abed0 Uncommon trap: trap_request=0xffffffc6 fr.pc=0x000001fbaee3d49c relative=0x000000000000021c
Event: 197.689 Thread 0x000001fb9e9abed0 Uncommon trap: reason=bimorphic_or_optimized_type_check action=maybe_recompile pc=0x000001fbaee3d49c method=java.util.stream.StreamOpFlag.fromCharacteristics(Ljava/util/Spliterator;)I @ 14 c2
Event: 197.689 Thread 0x000001fb9e9abed0 DEOPT PACKING pc=0x000001fbaee3d49c sp=0x000000ddb9cfda10
Event: 197.689 Thread 0x000001fb9e9abed0 DEOPT UNPACKING pc=0x000001fbae890802 sp=0x000000ddb9cfd940 mode 2
Event: 197.697 Thread 0x000001fb9e9abed0 Uncommon trap: trap_request=0xffffff45 fr.pc=0x000001fbaed92870 relative=0x00000000000001f0
Event: 197.697 Thread 0x000001fb9e9abed0 Uncommon trap: reason=unstable_if action=reinterpret pc=0x000001fbaed92870 method=jdk.internal.classfile.impl.SplitConstantPool.maybeCloneUtf8Entry(Ljava/lang/classfile/constantpool/Utf8Entry;)Ljdk/internal/classfile/impl/AbstractPoolEntry$Utf8EntryImpl; 
Event: 197.697 Thread 0x000001fb9e9abed0 DEOPT PACKING pc=0x000001fbaed92870 sp=0x000000ddb9cfc400
Event: 197.698 Thread 0x000001fb9e9abed0 DEOPT UNPACKING pc=0x000001fbae890802 sp=0x000000ddb9cfc390 mode 2

Classes loaded (20 events):
Event: 22.057 Loading class java/time/temporal/TemporalAdjusters
Event: 22.059 Loading class java/time/temporal/TemporalAdjusters done
Event: 22.061 Loading class java/time/Year
Event: 22.061 Loading class java/time/Year done
Event: 22.097 Loading class java/lang/reflect/Executable$ParameterData
Event: 22.097 Loading class java/lang/reflect/Executable$ParameterData done
Event: 27.445 Loading class jdk/internal/reflect/MethodHandleLongFieldAccessorImpl
Event: 27.447 Loading class jdk/internal/reflect/MethodHandleLongFieldAccessorImpl done
Event: 92.759 Loading class java/util/concurrent/ConcurrentLinkedQueue$Itr
Event: 92.766 Loading class java/util/concurrent/ConcurrentLinkedQueue$Itr done
Event: 197.665 Loading class java/util/TreeMap$EntrySpliterator
Event: 197.689 Loading class java/util/TreeMap$EntrySpliterator done
Event: 197.738 Loading class java/lang/invoke/WrongMethodTypeException
Event: 197.746 Loading class java/lang/invoke/WrongMethodTypeException done
Event: 197.751 Loading class java/lang/Throwable$WrappedPrintWriter
Event: 197.752 Loading class java/lang/Throwable$PrintStreamOrWriter
Event: 197.756 Loading class java/lang/Throwable$PrintStreamOrWriter done
Event: 197.756 Loading class java/lang/Throwable$WrappedPrintWriter done
Event: 197.771 Loading class java/lang/StackTraceElement$HashedModules
Event: 197.773 Loading class java/lang/StackTraceElement$HashedModules done

Classes unloaded (0 events):
No events

Classes redefined (0 events):
No events

Internal exceptions (20 events):
Event: 5.447 Thread 0x000001fb9e9abed0 Exception <a 'java/lang/NoSuchMethodError'{0x0000000085cec840}: 'void java.lang.invoke.DirectMethodHandle$Holder.invokeStaticInit(java.lang.Object)'> (0x0000000085cec840) 
thrown [s\open\src\hotspot\share\interpreter\linkResolver.cpp, line 804]
Event: 5.540 Thread 0x000001fb9e9abed0 Exception <a 'java/lang/NoSuchMethodError'{0x00000000859092f0}: 'void java.lang.invoke.DirectMethodHandle$Holder.invokeVirtual(java.lang.Object, java.lang.Object, java.lang.Object, int)'> (0x00000000859092f0) 
thrown [s\open\src\hotspot\share\interpreter\linkResolver.cpp, line 804]
Event: 5.542 Thread 0x000001fb9e9abed0 Exception <a 'java/lang/NoSuchMethodError'{0x000000008591a168}: 'void java.lang.invoke.DirectMethodHandle$Holder.invokeVirtual(java.lang.Object, java.lang.Object, java.lang.Object, java.lang.Object)'> (0x000000008591a168) 
thrown [s\open\src\hotspot\share\interpreter\linkResolver.cpp, line 804]
Event: 5.559 Thread 0x000001fb9e9abed0 Exception <a 'java/lang/NoSuchMethodError'{0x0000000085972188}: 'void java.lang.invoke.DirectMethodHandle$Holder.invokeStatic(java.lang.Object, java.lang.Object, java.lang.Object, int)'> (0x0000000085972188) 
thrown [s\open\src\hotspot\share\interpreter\linkResolver.cpp, line 804]
Event: 5.560 Thread 0x000001fb9e9abed0 Exception <a 'java/lang/NoSuchMethodError'{0x000000008597a2d8}: 'void java.lang.invoke.DirectMethodHandle$Holder.invokeStaticInit(java.lang.Object, java.lang.Object, java.lang.Object, int)'> (0x000000008597a2d8) 
thrown [s\open\src\hotspot\share\interpreter\linkResolver.cpp, line 804]
Event: 5.709 Thread 0x000001fb9e9abed0 Exception <a 'java/lang/NoSuchMethodError'{0x00000000857b8588}: 'java.lang.Object java.lang.invoke.DirectMethodHandle$Holder.invokeStaticInit(java.lang.Object, java.lang.Object, java.lang.Object)'> (0x00000000857b8588) 
thrown [s\open\src\hotspot\share\interpreter\linkResolver.cpp, line 804]
Event: 5.710 Thread 0x000001fb9e9abed0 Exception <a 'java/lang/NoSuchMethodError'{0x00000000857c81c8}: 'java.lang.Object java.lang.invoke.DirectMethodHandle$Holder.invokeStatic(java.lang.Object, java.lang.Object, int, int)'> (0x00000000857c81c8) 
thrown [s\open\src\hotspot\share\interpreter\linkResolver.cpp, line 804]
Event: 5.710 Thread 0x000001fb9e9abed0 Exception <a 'java/lang/NoSuchMethodError'{0x00000000857d0318}: 'java.lang.Object java.lang.invoke.DirectMethodHandle$Holder.invokeStaticInit(java.lang.Object, java.lang.Object, int, int)'> (0x00000000857d0318) 
thrown [s\open\src\hotspot\share\interpreter\linkResolver.cpp, line 804]
Event: 5.868 Thread 0x000001fb9e9abed0 Implicit null exception at 0x000001fbaed68bb6 to 0x000001fbaed68c52
Event: 5.938 Thread 0x000001fb9e9abed0 Exception <a 'java/lang/NoSuchMethodError'{0x0000000084ebac00}: 'java.lang.Object java.lang.invoke.DirectMethodHandle$Holder.newInvokeSpecial(java.lang.Object, java.lang.Object, int, java.lang.Object)'> (0x0000000084ebac00) 
thrown [s\open\src\hotspot\share\interpreter\linkResolver.cpp, line 804]
Event: 6.287 Thread 0x000001fb9e9abed0 Exception <a 'java/lang/NoSuchMethodError'{0x0000000086603068}: 'java.lang.Object java.lang.invoke.DirectMethodHandle$Holder.invokeVirtual(java.lang.Object, java.lang.Object, int)'> (0x0000000086603068) 
thrown [s\open\src\hotspot\share\interpreter\linkResolver.cpp, line 804]
Event: 6.288 Thread 0x000001fb9e9abed0 Exception <a 'java/lang/NoSuchMethodError'{0x0000000086613490}: 'void java.lang.invoke.DirectMethodHandle$Holder.invokeVirtual(java.lang.Object, java.lang.Object, int, java.lang.Object)'> (0x0000000086613490) 
thrown [s\open\src\hotspot\share\interpreter\linkResolver.cpp, line 804]
Event: 9.600 Thread 0x000001fb9e9abed0 Exception <a 'java/lang/NoSuchMethodError'{0x0000000086356608}: 'java.lang.Object java.lang.invoke.DelegatingMethodHandle$Holder.reinvoke_L(java.lang.Object, java.lang.Object, java.lang.Object, int, java.lang.Object, java.lang.Object)'> (0x0000000086356608) 
thrown [s\open\src\hotspot\share\interpreter\linkResolver.cpp, line 804]
Event: 9.683 Thread 0x000001fb9e9abed0 Exception <a 'java/lang/NoSuchMethodError'{0x00000000862a0030}: 'void java.lang.invoke.DirectMethodHandle$Holder.invokeInterface(java.lang.Object, java.lang.Object)'> (0x00000000862a0030) 
thrown [s\open\src\hotspot\share\interpreter\linkResolver.cpp, line 804]
Event: 9.799 Thread 0x000001fb9e9abed0 Exception <a 'java/lang/NoSuchMethodError'{0x00000000862b6970}: 'void java.lang.invoke.DirectMethodHandle$Holder.invokeSpecial(java.lang.Object, java.lang.Object, int)'> (0x00000000862b6970) 
thrown [s\open\src\hotspot\share\interpreter\linkResolver.cpp, line 804]
Event: 15.606 Thread 0x000001fb9e9abed0 Exception <a 'java/lang/IncompatibleClassChangeError'{0x00000000860a69f8}: Found class java.lang.Object, but interface was expected> (0x00000000860a69f8) 
thrown [s\open\src\hotspot\share\interpreter\linkResolver.cpp, line 871]
Event: 22.060 Thread 0x000001fb9e9abed0 Exception <a 'java/lang/NoSuchMethodError'{0x0000000085a05ba8}: 'java.lang.Object java.lang.invoke.DirectMethodHandle$Holder.invokeStatic(java.lang.Object, int, java.lang.Object)'> (0x0000000085a05ba8) 
thrown [s\open\src\hotspot\share\interpreter\linkResolver.cpp, line 804]
Event: 27.448 Thread 0x000001fb9e9abed0 Exception <a 'java/lang/NoSuchMethodError'{0x00000000859dd310}: 'long java.lang.invoke.DelegatingMethodHandle$Holder.reinvoke_L(java.lang.Object, java.lang.Object)'> (0x00000000859dd310) 
thrown [s\open\src\hotspot\share\interpreter\linkResolver.cpp, line 804]
Event: 27.449 Thread 0x000001fb9e9abed0 Exception <a 'java/lang/NoSuchMethodError'{0x00000000859f5710}: 'void java.lang.invoke.DelegatingMethodHandle$Holder.reinvoke_L(java.lang.Object, java.lang.Object, long)'> (0x00000000859f5710) 
thrown [s\open\src\hotspot\share\interpreter\linkResolver.cpp, line 804]
Event: 27.449 Thread 0x000001fb9e9abed0 Exception <a 'java/lang/NoSuchMethodError'{0x00000000858259c8}: 'long java.lang.invoke.Invokers$Holder.invokeExact_MT(java.lang.Object, java.lang.Object, java.lang.Object)'> (0x00000000858259c8) 
thrown [s\open\src\hotspot\share\interpreter\linkResolver.cpp, line 804]

VM Operations (20 events):
Event: 5.225 Executing safepoint VM operation: G1PauseCleanup done
Event: 5.933 Executing non-safepoint VM operation: HandshakeAllThreads (Deoptimize)
Event: 5.933 Executing non-safepoint VM operation: HandshakeAllThreads (Deoptimize) done
Event: 5.976 Executing safepoint VM operation: G1CollectForAllocation (G1 Evacuation Pause)
Event: 5.983 Executing safepoint VM operation: G1CollectForAllocation (G1 Evacuation Pause) done
Event: 6.117 Executing safepoint VM operation: G1CollectForAllocation (G1 Evacuation Pause)
Event: 6.121 Executing safepoint VM operation: G1CollectForAllocation (G1 Evacuation Pause) done
Event: 60.038 Executing non-safepoint VM operation: HandshakeAllThreads (HandshakeForDeflation)
Event: 60.039 Executing non-safepoint VM operation: HandshakeAllThreads (HandshakeForDeflation) done
Event: 60.039 Executing non-safepoint VM operation: RendezvousGCThreads
Event: 60.039 Executing non-safepoint VM operation: RendezvousGCThreads done
Event: 120.187 Executing non-safepoint VM operation: HandshakeAllThreads (HandshakeForDeflation)
Event: 120.187 Executing non-safepoint VM operation: HandshakeAllThreads (HandshakeForDeflation) done
Event: 120.187 Executing non-safepoint VM operation: RendezvousGCThreads
Event: 120.187 Executing non-safepoint VM operation: RendezvousGCThreads done
Event: 180.388 Executing non-safepoint VM operation: HandshakeAllThreads (HandshakeForDeflation)
Event: 180.389 Executing non-safepoint VM operation: HandshakeAllThreads (HandshakeForDeflation) done
Event: 180.392 Executing non-safepoint VM operation: RendezvousGCThreads
Event: 180.392 Executing non-safepoint VM operation: RendezvousGCThreads done
Event: 197.801 Executing safepoint VM operation: G1CollectForAllocation (G1 Evacuation Pause)

Memory protections (0 events):
No events

Nmethod flushes (0 events):
No events

Events (20 events):
Event: 2.886 Thread 0x000001fbbb6baf10 Thread added: 0x000001fbbb6ba700
Event: 2.902 Thread 0x000001fb9e9abed0 Thread added: 0x000001fbc0ad4e30
Event: 2.945 Thread 0x000001fbc0c6a030 Thread added: 0x000001fbc0ad4660
Event: 2.946 Thread 0x000001fbc0c6a030 Thread added: 0x000001fbc0ad1780
Event: 4.106 Thread 0x000001fbbb6ba700 Thread exited: 0x000001fbbb6ba700
Event: 4.233 Thread 0x000001fb9e9abed0 Thread added: 0x000001fbc0ad2ef0
Event: 4.235 Thread 0x000001fb9e9abed0 Thread added: 0x000001fbc0ad65a0
Event: 4.239 Thread 0x000001fbc0ad2ef0 Thread added: 0x000001fbc0ad7d10
Event: 4.282 Thread 0x000001fbc0ad2ef0 Thread added: 0x000001fbc0ad5dd0
Event: 4.991 Thread 0x000001fbbb6baf10 Thread added: 0x000001fbbb6bd760
Event: 5.168 Thread 0x000001fbbb6bd760 Thread exited: 0x000001fbbb6bd760
Event: 5.360 Thread 0x000001fbbb6baf10 Thread added: 0x000001fbbb6bbf30
Event: 9.594 Thread 0x000001fbbb6bbf30 Thread exited: 0x000001fbbb6bbf30
Event: 9.637 Thread 0x000001fbbb6baf10 Thread added: 0x000001fbbb6bbf30
Event: 9.799 Thread 0x000001fbbb6bbf30 Thread exited: 0x000001fbbb6bbf30
Event: 12.841 Thread 0x000001fbc0ad2720 Thread exited: 0x000001fbc0ad2720
Event: 62.840 Thread 0x000001fbc0c705c0 Thread exited: 0x000001fbc0c705c0
Event: 64.290 Thread 0x000001fbc0ad7d10 Thread exited: 0x000001fbc0ad7d10
Event: 64.290 Thread 0x000001fbc0ad65a0 Thread exited: 0x000001fbc0ad65a0
Event: 64.305 Thread 0x000001fbc0ad5dd0 Thread exited: 0x000001fbc0ad5dd0


Dynamic libraries:
0x00007ff784570000 - 0x00007ff784580000 	C:\Program Files\Java\jdk-25.0.2\bin\javaw.exe
0x00007ffcf95e0000 - 0x00007ffcf9846000 	C:\WINDOWS\SYSTEM32\ntdll.dll
0x00007ffcf8830000 - 0x00007ffcf88f9000 	C:\WINDOWS\System32\KERNEL32.DLL
0x00007ffcf6870000 - 0x00007ffcf6c6a000 	C:\WINDOWS\System32\KERNELBASE.dll
0x00007ffcf6da0000 - 0x00007ffcf6eec000 	C:\WINDOWS\System32\ucrtbase.dll
0x00007ffce5da0000 - 0x00007ffce5dbe000 	C:\Program Files\Java\jdk-25.0.2\bin\VCRUNTIME140.dll
0x00007ffce5fd0000 - 0x00007ffce5fe7000 	C:\Program Files\Java\jdk-25.0.2\bin\jli.dll
0x00007ffcf8b70000 - 0x00007ffcf8d37000 	C:\WINDOWS\System32\USER32.dll
0x00007ffcf7270000 - 0x00007ffcf7297000 	C:\WINDOWS\System32\win32u.dll
0x00007ffce1400000 - 0x00007ffce1692000 	C:\WINDOWS\WinSxS\amd64_microsoft.windows.common-controls_6595b64144ccf1df_6.0.26100.8521_none_3e08b75ce33403b3\COMCTL32.dll
0x00007ffcf8b30000 - 0x00007ffcf8b5b000 	C:\WINDOWS\System32\GDI32.dll
0x00007ffcf8fa0000 - 0x00007ffcf9049000 	C:\WINDOWS\System32\msvcrt.dll
0x00007ffcf6c70000 - 0x00007ffcf6d9b000 	C:\WINDOWS\System32\gdi32full.dll
0x00007ffcf72a0000 - 0x00007ffcf7343000 	C:\WINDOWS\System32\msvcp_win.dll
0x00007ffcf90d0000 - 0x00007ffcf9102000 	C:\WINDOWS\System32\IMM32.DLL
0x00007ffce6fb0000 - 0x00007ffce6fbc000 	C:\Program Files\Java\jdk-25.0.2\bin\vcruntime140_1.dll
0x00007ffcd8640000 - 0x00007ffcd86cd000 	C:\Program Files\Java\jdk-25.0.2\bin\msvcp140.dll
0x00007ffc14b20000 - 0x00007ffc1597f000 	C:\Program Files\Java\jdk-25.0.2\bin\server\jvm.dll
0x00007ffcf7350000 - 0x00007ffcf7406000 	C:\WINDOWS\System32\ADVAPI32.dll
0x00007ffcf89e0000 - 0x00007ffcf8a8a000 	C:\WINDOWS\System32\sechost.dll
0x00007ffcf7610000 - 0x00007ffcf7728000 	C:\WINDOWS\System32\RPCRT4.dll
0x00007ffcf8a90000 - 0x00007ffcf8b10000 	C:\WINDOWS\System32\WS2_32.dll
0x00007ffcf66d0000 - 0x00007ffcf672e000 	C:\WINDOWS\SYSTEM32\POWRPROF.dll
0x00007ffced390000 - 0x00007ffced3c6000 	C:\WINDOWS\SYSTEM32\WINMM.dll
0x00007ffce82b0000 - 0x00007ffce82bb000 	C:\WINDOWS\SYSTEM32\VERSION.dll
0x00007ffcf66b0000 - 0x00007ffcf66c4000 	C:\WINDOWS\SYSTEM32\UMPDC.dll
0x00007ffcf5600000 - 0x00007ffcf561b000 	C:\WINDOWS\SYSTEM32\kernel.appcore.dll
0x00007ffce6df0000 - 0x00007ffce6dfa000 	C:\Program Files\Java\jdk-25.0.2\bin\jimage.dll
0x00007ffcf39f0000 - 0x00007ffcf3c32000 	C:\WINDOWS\SYSTEM32\DBGHELP.DLL
0x00007ffcf8490000 - 0x00007ffcf8813000 	C:\WINDOWS\System32\combase.dll
0x00007ffcf8900000 - 0x00007ffcf89d9000 	C:\WINDOWS\System32\OLEAUT32.dll
0x00007ffccc0f0000 - 0x00007ffccc12b000 	C:\WINDOWS\SYSTEM32\dbgcore.DLL
0x00007ffcf7130000 - 0x00007ffcf71d8000 	C:\WINDOWS\System32\bcryptPrimitives.dll
0x00007ffce5c30000 - 0x00007ffce5c4f000 	C:\Program Files\Java\jdk-25.0.2\bin\java.dll
0x00007ffcf8d50000 - 0x00007ffcf8ee8000 	C:\WINDOWS\System32\ole32.dll
0x00007ffcf7c70000 - 0x00007ffcf83f4000 	C:\WINDOWS\System32\SHELL32.dll
0x00007ffcf4450000 - 0x00007ffcf4cd0000 	C:\WINDOWS\SYSTEM32\windows.storage.dll
0x00007ffcf7860000 - 0x00007ffcf7956000 	C:\WINDOWS\System32\SHCORE.dll
0x00007ffcf77f0000 - 0x00007ffcf7857000 	C:\WINDOWS\System32\shlwapi.dll
0x00007ffcf6790000 - 0x00007ffcf67b9000 	C:\WINDOWS\SYSTEM32\profapi.dll
0x00007ffce1bb0000 - 0x00007ffce1bc2000 	C:\Program Files\Java\jdk-25.0.2\bin\net.dll
0x00007ffcf5b70000 - 0x00007ffcf5bdc000 	C:\WINDOWS\system32\mswsock.dll
0x00007ffce1b90000 - 0x00007ffce1ba6000 	C:\Program Files\Java\jdk-25.0.2\bin\nio.dll
0x00007ffcdb1d0000 - 0x00007ffcdb1e7000 	C:\Program Files\Java\jdk-25.0.2\bin\zip.dll
0x00007ffce6d80000 - 0x00007ffce6d90000 	C:\Program Files\Java\jdk-25.0.2\bin\verify.dll
0x00007ffcf50f0000 - 0x00007ffcf523a000 	C:\WINDOWS\SYSTEM32\DNSAPI.dll
0x00007ffcf5970000 - 0x00007ffcf597d000 	C:\WINDOWS\SYSTEM32\DSPARSE.dll
0x00007ffcf50b0000 - 0x00007ffcf50e3000 	C:\WINDOWS\SYSTEM32\IPHLPAPI.DLL
0x00007ffcf8b20000 - 0x00007ffcf8b2a000 	C:\WINDOWS\System32\NSI.dll
0x00007ffce82c0000 - 0x00007ffce82cb000 	C:\Windows\System32\rasadhlp.dll
0x00007ffcf0300000 - 0x00007ffcf0386000 	C:\WINDOWS\System32\fwpuclnt.dll
0x00007ffce6bf0000 - 0x00007ffce6bf9000 	C:\Program Files\Java\jdk-25.0.2\bin\extnet.dll
0x00007ffcf5e50000 - 0x00007ffcf5e6b000 	C:\WINDOWS\SYSTEM32\CRYPTSP.dll
0x00007ffcf5560000 - 0x00007ffcf5599000 	C:\WINDOWS\system32\rsaenh.dll
0x00007ffcf5c20000 - 0x00007ffcf5c53000 	C:\WINDOWS\SYSTEM32\USERENV.dll
0x00007ffcf6760000 - 0x00007ffcf678a000 	C:\WINDOWS\SYSTEM32\bcrypt.dll
0x00007ffcf5e70000 - 0x00007ffcf5e7c000 	C:\WINDOWS\SYSTEM32\CRYPTBASE.dll
0x00007ffce6070000 - 0x00007ffce607e000 	C:\Program Files\Java\jdk-25.0.2\bin\sunmscapi.dll
0x00007ffcf6fb0000 - 0x00007ffcf7128000 	C:\WINDOWS\System32\CRYPT32.dll
0x00007ffcf6070000 - 0x00007ffcf60a0000 	C:\WINDOWS\SYSTEM32\ncrypt.dll
0x00007ffcf6020000 - 0x00007ffcf605f000 	C:\WINDOWS\SYSTEM32\NTASN1.dll
0x00007ffc89a60000 - 0x00007ffc89a68000 	C:\WINDOWS\system32\wshunix.dll
0x00007ffce5fc0000 - 0x00007ffce5fca000 	C:\Program Files\Java\jdk-25.0.2\bin\management.dll
0x00007ffce5e00000 - 0x00007ffce5e0c000 	C:\Program Files\Java\jdk-25.0.2\bin\management_ext.dll
0x00007ffcf8d40000 - 0x00007ffcf8d48000 	C:\WINDOWS\System32\PSAPI.DLL
0x00007ffcc8bb0000 - 0x00007ffcc8bc8000 	C:\WINDOWS\system32\napinsp.dll
0x00007ffcc80a0000 - 0x00007ffcc80b3000 	C:\WINDOWS\System32\winrnr.dll
0x00007ffcc8070000 - 0x00007ffcc8092000 	C:\WINDOWS\system32\nlansp_c.dll
0x00007ffce4ad0000 - 0x00007ffce4ae6000 	C:\WINDOWS\system32\wshbth.dll

JVMTI agents: none

dbghelp: loaded successfully - version: 4.0.5 - missing functions: none
symbol engine: initialized successfully - sym options: 0x614 - pdb path: .;C:\Program Files\Java\jdk-25.0.2\bin;C:\WINDOWS\SYSTEM32;C:\WINDOWS\WinSxS\amd64_microsoft.windows.common-controls_6595b64144ccf1df_6.0.26100.8521_none_3e08b75ce33403b3;C:\Program Files\Java\jdk-25.0.2\bin\server

VM Arguments:
jvm_args: -ea -Dfile.encoding=UTF-8 -Dstdout.encoding=UTF-8 -Dstderr.encoding=UTF-8 -XX:+ShowCodeDetailsInExceptionMessages 
java_command: org.testng.remote.RemoteTestNG -serport 49864 -protocol json -d E:\Automation _lapy\MasterAutomationWorkSpcae\RETTERAlarm2.0_Main\RETTERAlarm2.0_07072026\test-output E:\Automation _lapy\MasterAutomationWorkSpcae\RETTERAlarm2.0_Main\RETTERAlarm2.0_07072026\DeleteMain.xml
java_class_path (initial): C:\Users\BHUPESH\eclipse\java-2026-062\eclipse\configuration\org.eclipse.osgi\535\0\.cp\lib\testng-remote.jar;E:\Automation _lapy\MasterAutomationWorkSpcae\RETTERAlarm2.0_Main\RETTERAlarm2.0_07072026\target\test-classes;E:\Automation _lapy\MasterAutomationWorkSpcae\RETTERAlarm2.0_Main\RETTERAlarm2.0_07072026\target\classes;C:\Users\BHUPESH\.m2\repository\com\aventstack\extentreports\5.0.9\extentreports-5.0.9.jar;C:\Users\BHUPESH\.m2\repository\io\reactivex\rxjava3\rxjava\3.0.4\rxjava-3.0.4.jar;C:\Users\BHUPESH\.m2\repository\org\reactivestreams\reactive-streams\1.0.3\reactive-streams-1.0.3.jar;C:\Users\BHUPESH\.m2\repository\org\freemarker\freemarker\2.3.30\freemarker-2.3.30.jar;C:\Users\BHUPESH\.m2\repository\org\projectlombok\lombok\1.18.12\lombok-1.18.12.jar;C:\Users\BHUPESH\.m2\repository\com\google\code\gson\gson\2.8.6\gson-2.8.6.jar;C:\Users\BHUPESH\.m2\repository\org\seleniumhq\selenium\selenium-java\4.17.0\selenium-java-4.17.0.jar;C:\Users\BHUPESH\.m2\repository\org\seleniumhq\selenium\selenium-api\4.17.0\selenium-api-4.17.0.jar;C:\Users\BHUPESH\.m2\repository\org\seleniumhq\selenium\selenium-chrome-driver\4.17.0\selenium-chrome-driver-4.17.0.jar;C:\Users\BHUPESH\.m2\repository\com\google\auto\service\auto-service-annotations\1.1.1\auto-service-annotations-1.1.1.jar;C:\Users\BHUPESH\.m2\repository\org\seleniumhq\selenium\selenium-chromium-driver\4.17.0\selenium-chromium-driver-4.17.0.jar;C:\Users\BHUPESH\.m2\repository\org\seleniumhq\selenium\selenium-json\4.17.0\selenium-json-4.17.0.jar;C:\Users\BHUPESH\.m2\repository\org\seleniumhq\selenium\selenium-manager\4.17.0\selenium-manager-4.17.0.jar;C:\Users\BHUPESH\.m2\repository\org\seleniumhq\selenium\selenium-devtools-v119\4.17.0\selenium-devtools-v119-4.17.0.jar;C:\Users\BHUPESH\.m2\repository\org\seleniumhq\selenium\selenium-devtools-v120\4.17.0\selenium-devtools-v120-4.17.0.jar;C:\Users\BHUPESH\.m2\repository\org\seleniumhq\selenium\selenium-devtools-v121\4.17.0\selenium-devtools-v121-4.17.0.jar;C:\Users\BHUPESH\.m2\repository\org\seleniumhq\selenium\selenium-devtools-v85\4.17.0\selenium-devtools-v85-4.17.0.jar;C:\Users\BHUPESH\.m2\repository\org\seleniumhq\selenium\selenium-edge-driver\4.17.0\selenium-edge-driver-4.17.0.jar;C:\Users\BHUPESH\.m2\repository\org\seleniumhq\selenium\selenium-firefox-driver\4.17.0\selenium-firefox-driver-4.17.0.jar;C:\Users\BHUPESH\.m2\repository\org\seleniumhq\selenium\selenium-http\4.17.0\selenium-http-4.17.0.jar;C:\Users\BHUPESH\.m2\repository\dev\failsafe\failsafe\3.3.2\failsafe-3.3.2.jar;C:\Users\BHUPESH\.m2\repository\org\seleniumhq\selenium\selenium-ie-driver\4.17.0\selenium-ie-driver-4.17.0.jar;C:\Users\BHUPESH\.m2\repository\org\seleniumhq\selenium\selenium-remote-driver\4.17.0\selenium-remote-driver-4.17.0.jar;C:\Users\BHUPESH\.m2\repository\com\google\guava\guava\33.0.0-jre\guava-33.0.0-jre.jar;C:\Users\BHUPESH\.m2\repository\com\google\guava\failureaccess\1.0.2\failureaccess-1.0.2.jar;C:\Users\BHUPESH\.m2\repository\com\google\guava\listenablefuture\9999.0-empty-to-avoid-conflict-with-guava\listenablefuture-9999.0-empty-to-avoid-conflict-with-guava.jar;C:\Users\BHUPESH\.m2\repository\com\google\code\findbugs\jsr305\3.0.2\jsr305-3.0.2.jar;C:\Users\BHUPESH\.m2\repository\org\checkerframework\checker-qual\3.41.0\checker-qual-3.41.0.jar;C:\Users\BHUPESH\.m2\repository\com\google\errorprone\error_prone_annotations\2.23.0\error_prone_annotations-2.23.0.jar;C:\Users\BHUPESH\.m2\repository\com\google\j2objc\j2objc-annotations\2.8\j2objc-annotations-2.8.jar;C:\Users\BHUPESH\.m2\repository\io\opentelemetry\semconv\opentelemetry-semconv\1.23.1-alpha\opentelemetry-semconv-1.23.1-alpha.jar;C:\Users\BHUPESH\.m2\repository\io\opentelemetry\opentelemetry-api\1.34.1\opentelemetry-api-1.34.1.jar;C:\Users\BHUPESH\.m2\repository\io\opentelemetry\opentelemetry-context\1.34.1\opentelemetry-context-1.34.1.jar;C:\Users\BHUPESH\.m2\repository\io\opentelemetry\opentelemetry-exporter-logging\1.34.1\opentelemetry-exporter-logging-1.34.1.jar;C:\Users\BHUPESH\.m2\repository\io\opentelemetry\opentelemetry-sdk-common\1.34.1\opentelemetry-sdk-common-1.34.1.jar;C:\Users\BHUPESH\.m2\repository\io\opentelemetry\opentelemetry-sdk-extension-autoconfigure-spi\1.34.1\opentelemetry-sdk-extension-autoconfigure-spi-1.34.1.jar;C:\Users\BHUPESH\.m2\repository\io\opentelemetry\opentelemetry-sdk-extension-autoconfigure\1.34.1\opentelemetry-sdk-extension-autoconfigure-1.34.1.jar;C:\Users\BHUPESH\.m2\repository\io\opentelemetry\opentelemetry-api-events\1.34.1-alpha\opentelemetry-api-events-1.34.1-alpha.jar;C:\Users\BHUPESH\.m2\repository\io\opentelemetry\opentelemetry-sdk-trace\1.34.1\opentelemetry-sdk-trace-1.34.1.jar;C:\Users\BHUPESH\.m2\repository\io\opentelemetry\opentelemetry-sdk\1.34.1\opentelemetry-sdk-1.34.1.jar;C:\Users\BHUPESH\.m2\repository\io\opentelemetry\opentelemetry-sdk-metrics\1.34.1\opentelemetry-sdk-metrics-1.34.1.jar;C:\Users\BHUPESH\.m2\repository\io\opentelemetry\opentelemetry-extension-incubator\1.34.1-alpha\opentelemetry-extension-incubator-1.34.1-alpha.jar;C:\Users\BHUPESH\.m2\repository\io\opentelemetry\opentelemetry-sdk-logs\1.34.1\opentelemetry-sdk-logs-1.34.1.jar;C:\Users\BHUPESH\.m2\repository\net\bytebuddy\byte-buddy\1.14.11\byte-buddy-1.14.11.jar;C:\Users\BHUPESH\.m2\repository\org\seleniumhq\selenium\selenium-os\4.17.0\selenium-os-4.17.0.jar;C:\Users\BHUPESH\.m2\repository\org\apache\commons\commons-exec\1.3\commons-exec-1.3.jar;C:\Users\BHUPESH\.m2\repository\org\seleniumhq\selenium\selenium-safari-driver\4.17.0\selenium-safari-driver-4.17.0.jar;C:\Users\BHUPESH\.m2\repository\org\seleniumhq\selenium\selenium-support\4.17.0\selenium-support-4.17.0.jar;C:\Users\BHUPESH\.m2\repository\org\testng\testng\7.9.0\testng-7.9.0.jar;C:\Users\BHUPESH\.m2\repository\org\slf4j\slf4j-api\1.7.36\slf4j-api-1.7.36.jar;C:\Users\BHUPESH\.m2\repository\com\beust\jcommander\1.82\jcommander-1.82.jar;C:\Users\BHUPESH\.m2\repository\org\webjars\jquery\3.7.1\jquery-3.7.1.jar;C:\Users\BHUPESH\.m2\repository\org\apache\poi\poi-ooxml\5.2.5\poi-ooxml-5.2.5.jar;C:\Users\BHUPESH\.m2\repository\org\apache\poi\poi-ooxml-lite\5.2.5\poi-ooxml-lite-5.2.5.jar;C:\Users\BHUPESH\.m2\repository\org\apache\xmlbeans\xmlbeans\5.2.0\xmlbeans-5.2.0.jar;C:\Users\BHUPESH\.m2\repository\org\apache\commons\commons-compress\1.25.0\commons-compress-1.25.0.jar;C:\Users\BHUPESH\.m2\repository\commons-io\commons-io\2.15.0\commons-io-2.15.0.jar;C:\Users\BHUPESH\.m2\repository\com\github\virtuald\curvesapi\1.08\curvesapi-1.08.jar;C:\Users\BHUPESH\.m2\repository\org\apache\commons\commons-collections4\4.4\commons-collections4-4.4.jar;C:\Users\BHUPESH\.m2\repository\org\slf4j\slf4j-simple\1.7.32\slf4j-simple-1.7.32.jar;C:\Users\BHUPESH\.m2\repository\org\apache\logging\log4j\log4j-core\2.20.0\log4j-core-2.20.0.jar;C:\Users\BHUPESH\.m2\repository\org\apache\logging\log4j\log4j-api\2.20.0\log4j-api-2.20.0.jar;C:\Users\BHUPESH\.m2\repository\org\apache\poi\poi\5.2.5\poi-5.2.5.jar;C:\Users\BHUPESH\.m2\repository\commons-codec\commons-codec\1.16.0\commons-codec-1.16.0.jar;C:\Users\BHUPESH\.m2\repository\org\apache\commons\commons-math3\3.6.1\commons-math3-3.6.1.jar;C:\Users\BHUPESH\.m2\repository\com\zaxxer\SparseBitSet\1.3\SparseBitSet-1.3.jar;C:\Users\BHUPESH\.m2\repository\io\github\bonigarcia\webdrivermanager\5.8.0\webdrivermanager-5.8.0.jar;C:\Users\BHUPESH\.m2\repository\com\github\docker-java\docker-java\3.3.6\docker-java-3.3.6.jar;C:\Users\BHUPESH\.m2\repository\com\github\docker-java\docker-java-core\3.3.6\docker-java-core-3.3.6.jar;C:\Users\BHUPESH\.m2\repository\com\github\docker-java\docker-java-api\3.3.6\docker-java-api-3.3.6.jar;C:\Users\BHUPESH\.m2\repository\com\fasterxml\jackson\core\jackson-annotations\2.10.3\jackson-annotations-2.10.3.jar;C:\Users\BHUPESH\.m2\repository\com\fasterxml\jackson\core\jackson-databind\2.10.3\jackson-databind-2.10.3.jar;C:\Users\BHUPESH\.m2\repository\com\fasterxml\jackson\core\jackson-core\2.10.3\jackson-core-2.10.3.jar;C:\Users\BHUPESH\.m2\repository\org\bouncycastle\bcpkix-jdk18on\1.76\bcpkix-jdk18on-1.76.jar;C:\Users\BHUPESH\.m2\repository\org\bouncycastle\bcprov-jdk18on\1.76\bcprov-jdk18on-1.76.jar;C:\Users\BHUPESH\.m2\repository\org\bouncycastle\bcutil-jdk18on\1.76\bcutil-jdk18on-1.76.jar;C:\Users\BHUPESH\.m2\repository\org\slf4j\jcl-over-slf4j\1.7.30\jcl-over-slf4j-1.7.30.jar;C:\Users\BHUPESH\.m2\repository\com\github\docker-java\docker-java-transport-httpclient5\3.3.6\docker-java-transport-httpclient5-3.3.6.jar;C:\Users\BHUPESH\.m2\repository\com\github\docker-java\docker-java-transport\3.3.6\docker-java-transport-3.3.6.jar;C:\Users\BHUPESH\.m2\repository\net\java\dev\jna\jna\5.13.0\jna-5.13.0.jar;C:\Users\BHUPESH\.m2\repository\org\brotli\dec\0.1.2\dec-0.1.2.jar;C:\Users\BHUPESH\.m2\repository\org\apache\commons\commons-lang3\3.14.0\commons-lang3-3.14.0.jar;C:\Users\BHUPESH\.m2\repository\org\apache\httpcomponents\client5\httpclient5\5.2.1\httpclient5-5.2.1.jar;C:\Users\BHUPESH\.m2\repository\org\apache\httpcomponents\core5\httpcore5\5.2\httpcore5-5.2.jar;C:\Users\BHUPESH\.m2\repository\org\apache\httpcomponents\core5\httpcore5-h2\5.2\httpcore5-h2-5.2.jar
Launcher Type: SUN_STANDARD

[Global flags]
     intx CICompilerCount                          = 4                                         {product} {ergonomic}
     uint ConcGCThreads                            = 2                                         {product} {ergonomic}
     uint G1ConcRefinementThreads                  = 8                                         {product} {ergonomic}
   size_t G1HeapRegionSize                         = 1048576                                   {product} {ergonomic}
   size_t InitialHeapSize                          = 132120576                                 {product} {ergonomic}
   size_t MarkStackSize                            = 4194304                                   {product} {ergonomic}
   size_t MarkStackSizeMax                         = 536870912                                 {product} {ergonomic}
   size_t MaxHeapSize                              = 2095054848                                {product} {ergonomic}
   size_t MaxNewSize                               = 1256194048                                {product} {ergonomic}
   size_t MinHeapDeltaBytes                        = 1048576                                   {product} {ergonomic}
   size_t MinHeapSize                              = 8388608                                   {product} {ergonomic}
    uintx NonNMethodCodeHeapSize                   = 5832704                                {pd product} {ergonomic}
    uintx NonProfiledCodeHeapSize                  = 122945536                              {pd product} {ergonomic}
    uintx ProfiledCodeHeapSize                     = 122880000                              {pd product} {ergonomic}
    uintx ReservedCodeCacheSize                    = 251658240                              {pd product} {ergonomic}
     bool SegmentedCodeCache                       = true                                      {product} {ergonomic}
     bool ShowCodeDetailsInExceptionMessages       = true                                   {manageable} {command line}
   size_t SoftMaxHeapSize                          = 2095054848                             {manageable} {ergonomic}
     bool UseCompressedOops                        = true                           {product lp64_product} {ergonomic}
     bool UseG1GC                                  = true                                      {product} {ergonomic}
     bool UseLargePagesIndividualAllocation        = false                                  {pd product} {ergonomic}

Logging:
Log output configuration:
 #0: stdout all=warning uptime,level,tags foldmultilines=false
 #1: stderr all=off uptime,level,tags foldmultilines=false

Release file:
IMPLEMENTOR="Oracle Corporation" 
JAVA_RUNTIME_VERSION="25.0.2+10-LTS-69" 
JAVA_VERSION="25.0.2" 
JAVA_VERSION_DATE="2026-01-20" 
LIBC="default" 
MODULES="java.base java.compiler java.datatransfer java.xml java.prefs java.desktop java.instrument java.logging java.management java.security.sasl java.naming java.rmi java.management.rmi java.net.http java.scripting java.security.jgss java.transaction.xa java.sql java.sql.rowset java.xml.crypto java.se java.smartcardio jdk.accessibility jdk.internal.jvmstat jdk.attach jdk.charsets jdk.internal.opt jdk.zipfs jdk.compiler jdk.crypto.cryptoki jdk.crypto.ec jdk.crypto.mscapi jdk.dynalink jdk.internal.ed jdk.editpad jdk.internal.vm.ci jdk.graal.compiler jdk.graal.compiler.management jdk.hotspot.agent jdk.httpserver jdk.incubator.vector jdk.internal.le jdk.internal.md jdk.jartool jdk.javadoc jdk.jcmd jdk.management jdk.management.agent jdk.jconsole jdk.jdeps jdk.jdwp.agent jdk.jdi jdk.jfr jdk.jlink jdk.jpackage jdk.jshell jdk.jsobject jdk.jstatd jdk.localedata jdk.management.jfr jdk.naming.dns jdk.naming.rmi jdk.net jdk.nio.mapmode jdk.sctp jdk.security.auth jdk.security.jgss jdk.unsupported jdk.unsupported.desktop jdk.xml.dom" 
OS_ARCH="x86_64" 
OS_NAME="Windows" 
SOURCE=".:git:b75efb40c93a open:git:405a5699ebd0" 

Environment Variables:
JAVA_HOME=C:\Program Files\Java\jdk-25.0.2\
PATH=C:/Users/BHUPESH/.p2/pool/plugins/org.eclipse.justj.openjdk.hotspot.jre.full.win32.x86_64_21.0.11.v20260515-1531/jre/bin/server;C:/Users/BHUPESH/.p2/pool/plugins/org.eclipse.justj.openjdk.hotspot.jre.full.win32.x86_64_21.0.11.v20260515-1531/jre/bin;C:\Program Files\Common Files\Oracle\Java\javapath;C:\WINDOWS\system32;C:\WINDOWS;C:\WINDOWS\System32\Wbem;C:\WINDOWS\System32\WindowsPowerShell\v1.0\;C:\WINDOWS\System32\OpenSSH\;C:\Program Files\Java\jdk-25.0.2\bin;C:\Maven\apache-maven-3.9.11\bin;C:\Users\Lenovo\AppData\Local\Android\Sdk\platform-tools;C:\Users\Lenovo\AppData\Local\Android\Sdk\platform-tools;C:\Users\Lenovo\AppData\Local\Android\Sdk;C:\Users\Lenovo\AppData\Local\Android\Sdk\platform-tools;C:\Users\Lenovo\AppData\Local\Android\Sdk\tools;C:\Users\Lenovo\AppData\Local\Android\Sdk\tools\bin;C:\Program Files\nodejs\;C:\Users\BHUPESH\AppData\Local\Microsoft\WindowsApps;;C:\Users\BHUPESH\eclipse\java-2026-062\eclipse;
USERNAME=BHUPESH
OS=Windows_NT
PROCESSOR_IDENTIFIER=Intel64 Family 6 Model 140 Stepping 1, GenuineIntel
TMP=C:\Users\BHUPESH\AppData\Local\Temp
TEMP=C:\Users\BHUPESH\AppData\Local\Temp




Compilation memory statistics disabled.

Periodic native trim disabled

---------------  S Y S T E M  ---------------

OS:
 Windows 11 , 64 bit Build 26100 (10.0.26100.8521)
OS uptime: 1 days 15:09 hours

CPU: total 8 (initial active 8) (4 cores per cpu, 2 threads per core) family 6 model 140 stepping 1 microcode 0x9a, cx8, cmov, fxsr, ht, mmx, 3dnowpref, sse, sse2, sse3, ssse3, sse4.1, sse4.2, popcnt, lzcnt, tsc, tscinvbit, avx, avx2, aes, erms, clmul, bmi1, bmi2, adx, avx512f, avx512dq, avx512cd, avx512bw, avx512vl, sha, fma, vzeroupper, avx512_vpopcntdq, avx512_vpclmulqdq, avx512_vaes, avx512_vnni, clflush, clflushopt, clwb, avx512_vbmi2, avx512_vbmi, rdtscp, rdpid, fsrm, gfni, avx512_bitalg, f16c, pku, cet_ibt, cet_ss, avx512_ifma
Processor Information for the first 8 processors :
  Max Mhz: 2419, Current Mhz: 2419, Mhz Limit: 2419

Memory: 4k page, system-wide physical 7991M (415M free)
TotalPageFile size 31379M (AvailPageFile size 6M)
current process WorkingSet (physical memory assigned to process): 64M, peak: 185M
current process commit charge ("private bytes"): 198M, peak: 290M

vm_info: Java HotSpot(TM) 64-Bit Server VM (25.0.2+10-LTS-69) for windows-amd64 JRE (25.0.2+10-LTS-69), built on 2025-12-18T11:36:35Z with MS VC++ 17.13 (VS2022)

END.
